../ssd1963/src/ssd1963.c:12:8:Set_Font	0	static
../ssd1963/src/ssd1963.c:17:8:write_cmd	4	static,ignoring_inline_asm
../ssd1963/src/ssd1963.c:26:8:write_data	4	static,ignoring_inline_asm
../ssd1963/src/ssd1963.c:36:8:set_window	32	static,ignoring_inline_asm
../ssd1963/src/ssd1963.c:51:8:add_color	16	static,ignoring_inline_asm
../ssd1963/src/ssd1963.c:58:8:fill_screen	24	static,ignoring_inline_asm
../ssd1963/src/ssd1963.c:67:8:fill_area	40	static,ignoring_inline_asm
../ssd1963/src/ssd1963.c:76:8:clear_screen	24	static,ignoring_inline_asm
../ssd1963/src/ssd1963.c:81:8:set_pixel	32	static,ignoring_inline_asm
../ssd1963/src/ssd1963.c:89:8:draw_hl	64	static,ignoring_inline_asm
../ssd1963/src/ssd1963.c:97:8:draw_vl	64	static,ignoring_inline_asm
../ssd1963/src/ssd1963.c:104:8:draw_rect	56	static,ignoring_inline_asm
../ssd1963/src/ssd1963.c:118:8:draw_roundrect	64	static,ignoring_inline_asm
../ssd1963/src/ssd1963.c:158:8:fill_roundrect	96	static,ignoring_inline_asm
../ssd1963/src/ssd1963.c:178:8:gradient_fill	168	static,ignoring_inline_asm
../ssd1963/src/ssd1963.c:198:8:gradient_roundrect	88	static,ignoring_inline_asm
../ssd1963/src/ssd1963.c:218:8:draw_circle	96	static,ignoring_inline_asm
../ssd1963/src/ssd1963.c:262:8:draw_thick_circle	32	static
../ssd1963/src/ssd1963.c:308:8:draw_line	64	static,ignoring_inline_asm
../ssd1963/src/ssd1963.c:271:8:fill_circle	48	static
../ssd1963/src/ssd1963.c:414:8:convert_float	32	static
../ssd1963/src/ssd1963.c:463:8:draw_char	56	static,ignoring_inline_asm
../ssd1963/src/ssd1963.c:421:8:print_float	72	static
../ssd1963/src/ssd1963.c:352:8:print_int	104	static
../ssd1963/src/ssd1963.c:483:8:print_char	4	static
../ssd1963/src/ssd1963.c:489:8:print_string	32	static
../ssd1963/src/ssd1963.c:504:8:print_image	32	static,ignoring_inline_asm
../ssd1963/src/ssd1963.c:517:8:ssd1963_setup	40	static,ignoring_inline_asm
../ssd1963/src/ssd1963.c:605:8:test_color	32	static,ignoring_inline_asm
../ssd1963/src/ssd1963.c:625:8:test_pixel	40	static,ignoring_inline_asm
../ssd1963/src/ssd1963.c:637:8:test_increment	128	static,ignoring_inline_asm
../ssd1963/src/ssd1963.c:657:8:symbol	64	static,ignoring_inline_asm
../ssd1963/src/ssd1963.c:728:8:v_slider	24	static
../ssd1963/src/ssd1963.c:735:8:h_slider	24	static
../ssd1963/src/ssd1963.c:741:6:fill_roundrect2	80	static,ignoring_inline_asm
