../ssd1963/src/ssd1963.c:9:6:Set_Font	16	static
../ssd1963/src/ssd1963.c:15:6:write_cmd	16	static,ignoring_inline_asm
../ssd1963/src/ssd1963.c:29:6:write_data	16	static,ignoring_inline_asm
../ssd1963/src/ssd1963.c:42:6:set_window	24	static
../ssd1963/src/ssd1963.c:57:6:add_color	16	static
../ssd1963/src/ssd1963.c:64:6:fill_screen	24	static
../ssd1963/src/ssd1963.c:73:6:fill_area	32	static
../ssd1963/src/ssd1963.c:82:6:clear_screen	8	static
../ssd1963/src/ssd1963.c:87:6:set_pixel	16	static
../ssd1963/src/ssd1963.c:95:6:draw_hl	32	static
../ssd1963/src/ssd1963.c:103:6:draw_vl	32	static
../ssd1963/src/ssd1963.c:110:6:draw_vl_up	32	static
../ssd1963/src/ssd1963.c:117:6:draw_rect	32	static
../ssd1963/src/ssd1963.c:131:6:draw_roundrect	32	static
../ssd1963/src/ssd1963.c:171:6:fill_roundrect	40	static
../ssd1963/src/ssd1963.c:191:6:gradient_fill	104	static
../ssd1963/src/ssd1963.c:208:6:gradient_roundrect	32	static
../ssd1963/src/ssd1963.c:228:6:draw_circle	40	static
../ssd1963/src/ssd1963.c:272:6:draw_thick_circle	32	static
../ssd1963/src/ssd1963.c:281:6:fill_circle	56	static
../ssd1963/src/ssd1963.c:318:6:draw_line	64	static
../ssd1963/src/ssd1963.c:372:6:print_int	104	static
../ssd1963/src/ssd1963.c:434:6:convert_float	48	static
../ssd1963/src/ssd1963.c:441:6:print_float	80	static
../ssd1963/src/ssd1963.c:483:6:draw_char	32	static
../ssd1963/src/ssd1963.c:503:6:print_char	24	static
../ssd1963/src/ssd1963.c:509:6:print_string	32	static
../ssd1963/src/ssd1963.c:524:6:print_image	32	static
../ssd1963/src/ssd1963.c:537:6:ssd1963_setup	8	static
../ssd1963/src/ssd1963.c:784:6:symbol	24	static
../ssd1963/src/ssd1963.c:809:6:fill_roundrect2	32	static
../ssd1963/src/ssd1963.c:834:6:button	40	static
../ssd1963/src/ssd1963.c:840:6:button_2	40	static
