../Core/Src/main.c:77:5:main	8	static
../Core/Src/main.c:116:6:sysclock_config	80	static
../Core/Src/main.c:146:6:gpio_init	64	static
../Core/Src/main.c:209:6:uart_init	8	static
../Core/Src/main.c:226:6:tim5_init	8	static
../Core/Src/main.c:241:6:spi1_init	8	static
../Core/Src/main.c:262:6:spi2_init	8	static
../Core/Src/main.c:283:6:i2c2_init	8	static
../Core/Src/main.c:299:6:HAL_TIM_PeriodElapsedCallback	16	static
../Core/Src/main.c:324:13:read_touch	8	static
../Core/Src/main.c:334:6:rfid_read	8	static
../Core/Src/main.c:361:6:error_handler	8	static
