../Core/Src/main.c:267:6:read_card.part.0	24	static
../Core/Src/main.c:53:5:__io_putchar	16	static
../Core/Src/main.c:245:9:check_validcard	56	static
../Core/Src/main.c:267:6:read_card	8	static
../Core/Src/main.c:957:6:sysclock_config	80	static
../Core/Src/main.c:1021:6:gpio_init	104	static
../Core/Src/main.c:1091:6:uart1_init	8	static
../Core/Src/main.c:1109:6:tim5_init	8	static
../Core/Src/main.c:1124:6:spi1_init	8	static
../Core/Src/main.c:1144:6:spi2_init	8	static
../Core/Src/main.c:1164:6:i2c2_init	8	static
../Core/Src/main.c:1178:6:HAL_TIM_PeriodElapsedCallback	0	static
../Core/Src/main.c:1213:6:rfid_read	24	static
../Core/Src/main.c:289:5:main	88	static
../Core/Src/main.c:1253:6:add_Employee	40	static
../Core/Src/main.c:1272:6:display_Employee	24	static
../Core/Src/main.c:1290:6:erase_EEPROM	56	static
../Core/Src/main.c:1306:6:error_handler	8	static
