../mrfc522/src/mfrc522.c:35:6:spi_cs_rfid_write	16	static
../mrfc522/src/mfrc522.c:47:9:rc522_regRead8	24	static
../mrfc522/src/mfrc522.c:61:6:rc522_regWrite8	24	static
../mrfc522/src/mfrc522.c:72:6:rc522_setBit	16	static
../mrfc522/src/mfrc522.c:80:6:rc522_clearBit	16	static
../mrfc522/src/mfrc522.c:88:6:rc522_reset	8	static
../mrfc522/src/mfrc522.c:96:6:rc522_antennaON	16	static
../mrfc522/src/mfrc522.c:109:6:rc522_checkCard	24	static
../mrfc522/src/mfrc522.c:127:6:rc522_request	32	static
../mrfc522/src/mfrc522.c:143:6:rc522_toCard	32	static
../mrfc522/src/mfrc522.c:247:6:rc522_antiColl	32	static
../mrfc522/src/mfrc522.c:278:6:rc522_halt	24	static
../mrfc522/src/mfrc522.c:290:6:rc522_calculateCRC	40	static
../mrfc522/src/mfrc522.c:319:6:rc522_compareIds	24	static
../mrfc522/src/mfrc522.c:332:6:rc522_init	8	static
