../r307/src/uart_drv.c:52:6:uart_init	56	static
../r307/src/uart_drv.c:138:10:uart_write	40	static
../r307/src/uart_drv.c:151:10:uart_write_byte	8	static
../r307/src/uart_drv.c:182:9:uart_read_byte	8	static
../r307/src/uart_drv.c:217:10:uart_read	48	static
../r307/src/uart_drv.c:232:10:uart_avail	8	static
../r307/src/uart_drv.c:238:6:uart_flush	8	static
../r307/src/uart_drv.c:257:6:uart_set_timeout	8	static
../r307/src/uart_drv.c:307:6:USART1_IRQHandler	16	static
../r307/src/uart_drv.c:313:6:USART6_IRQHandler	16	static
