17:40:40 **** Clean-only build of configuration Debug for project AMS ****
make -j8 clean 
rm -rf ./ssd1963/src/display_config.cyclo ./ssd1963/src/display_config.d ./ssd1963/src/display_config.o ./ssd1963/src/display_config.su ./ssd1963/src/fonts.cyclo ./ssd1963/src/fonts.d ./ssd1963/src/fonts.o ./ssd1963/src/fonts.su ./ssd1963/src/ssd1963.cyclo ./ssd1963/src/ssd1963.d ./ssd1963/src/ssd1963.o ./ssd1963/src/ssd1963.su ./ssd1963/src/xpt2046.cyclo ./ssd1963/src/xpt2046.d ./ssd1963/src/xpt2046.o ./ssd1963/src/xpt2046.su
rm -rf ./mrfc522/src/mfrc522.cyclo ./mrfc522/src/mfrc522.d ./mrfc522/src/mfrc522.o ./mrfc522/src/mfrc522.su ./mrfc522/src/mfrc522_config.cyclo ./mrfc522/src/mfrc522_config.d ./mrfc522/src/mfrc522_config.o ./mrfc522/src/mfrc522_config.su
rm -rf ./ThirdParty/SEGGER/SEGGER/Syscalls/SEGGER_RTT_Syscalls_GCC.cyclo ./ThirdParty/SEGGER/SEGGER/Syscalls/SEGGER_RTT_Syscalls_GCC.d ./ThirdParty/SEGGER/SEGGER/Syscalls/SEGGER_RTT_Syscalls_GCC.o ./ThirdParty/SEGGER/SEGGER/Syscalls/SEGGER_RTT_Syscalls_GCC.su
rm -rf ./ThirdParty/SEGGER/SEGGER/SEGGER_RTT.cyclo ./ThirdParty/SEGGER/SEGGER/SEGGER_RTT.d ./ThirdParty/SEGGER/SEGGER/SEGGER_RTT.o ./ThirdParty/SEGGER/SEGGER/SEGGER_RTT.su ./ThirdParty/SEGGER/SEGGER/SEGGER_RTT_ASM_ARMv7M.d ./ThirdParty/SEGGER/SEGGER/SEGGER_RTT_ASM_ARMv7M.o ./ThirdParty/SEGGER/SEGGER/SEGGER_RTT_printf.cyclo ./ThirdParty/SEGGER/SEGGER/SEGGER_RTT_printf.d ./ThirdParty/SEGGER/SEGGER/SEGGER_RTT_printf.o ./ThirdParty/SEGGER/SEGGER/SEGGER_RTT_printf.su ./ThirdParty/SEGGER/SEGGER/SEGGER_SYSVIEW.cyclo ./ThirdParty/SEGGER/SEGGER/SEGGER_SYSVIEW.d ./ThirdParty/SEGGER/SEGGER/SEGGER_SYSVIEW.o ./ThirdParty/SEGGER/SEGGER/SEGGER_SYSVIEW.su
rm -rf ./ThirdParty/SEGGER/OS/SEGGER_SYSVIEW_FreeRTOS.cyclo ./ThirdParty/SEGGER/OS/SEGGER_SYSVIEW_FreeRTOS.d ./ThirdParty/SEGGER/OS/SEGGER_SYSVIEW_FreeRTOS.o ./ThirdParty/SEGGER/OS/SEGGER_SYSVIEW_FreeRTOS.su
rm -rf ./ThirdParty/SEGGER/Config/SEGGER_SYSVIEW_Config_FreeRTOS.cyclo ./ThirdParty/SEGGER/Config/SEGGER_SYSVIEW_Config_FreeRTOS.d ./ThirdParty/SEGGER/Config/SEGGER_SYSVIEW_Config_FreeRTOS.o ./ThirdParty/SEGGER/Config/SEGGER_SYSVIEW_Config_FreeRTOS.su
rm -rf ./ThirdParty/FreeRTOS/portable/MemMang/heap_4.cyclo ./ThirdParty/FreeRTOS/portable/MemMang/heap_4.d ./ThirdParty/FreeRTOS/portable/MemMang/heap_4.o ./ThirdParty/FreeRTOS/portable/MemMang/heap_4.su
rm -rf ./ThirdParty/FreeRTOS/portable/GCC/ARM_CM4F/port.cyclo ./ThirdParty/FreeRTOS/portable/GCC/ARM_CM4F/port.d ./ThirdParty/FreeRTOS/portable/GCC/ARM_CM4F/port.o ./ThirdParty/FreeRTOS/portable/GCC/ARM_CM4F/port.su
rm -rf ./ThirdParty/FreeRTOS/croutine.cyclo ./ThirdParty/FreeRTOS/croutine.d ./ThirdParty/FreeRTOS/croutine.o ./ThirdParty/FreeRTOS/croutine.su ./ThirdParty/FreeRTOS/event_groups.cyclo ./ThirdParty/FreeRTOS/event_groups.d ./ThirdParty/FreeRTOS/event_groups.o ./ThirdParty/FreeRTOS/event_groups.su ./ThirdParty/FreeRTOS/list.cyclo ./ThirdParty/FreeRTOS/list.d ./ThirdParty/FreeRTOS/list.o ./ThirdParty/FreeRTOS/list.su ./ThirdParty/FreeRTOS/queue.cyclo ./ThirdParty/FreeRTOS/queue.d ./ThirdParty/FreeRTOS/queue.o ./ThirdParty/FreeRTOS/queue.su ./ThirdParty/FreeRTOS/stream_buffer.cyclo ./ThirdParty/FreeRTOS/stream_buffer.d ./ThirdParty/FreeRTOS/stream_buffer.o ./ThirdParty/FreeRTOS/stream_buffer.su ./ThirdParty/FreeRTOS/tasks.cyclo ./ThirdParty/FreeRTOS/tasks.d ./ThirdParty/FreeRTOS/tasks.o ./ThirdParty/FreeRTOS/tasks.su ./ThirdParty/FreeRTOS/timers.cyclo ./ThirdParty/FreeRTOS/timers.d ./ThirdParty/FreeRTOS/timers.o ./ThirdParty/FreeRTOS/timers.su
rm -rf ./Drivers/STM32F4xx_HAL_Driver/Src/stm32f4xx_hal.cyclo ./Drivers/STM32F4xx_HAL_Driver/Src/stm32f4xx_hal.d ./Drivers/STM32F4xx_HAL_Driver/Src/stm32f4xx_hal.o ./Drivers/STM32F4xx_HAL_Driver/Src/stm32f4xx_hal.su ./Drivers/STM32F4xx_HAL_Driver/Src/stm32f4xx_hal_cortex.cyclo ./Drivers/STM32F4xx_HAL_Driver/Src/stm32f4xx_hal_cortex.d ./Drivers/STM32F4xx_HAL_Driver/Src/stm32f4xx_hal_cortex.o ./Drivers/STM32F4xx_HAL_Driver/Src/stm32f4xx_hal_cortex.su ./Drivers/STM32F4xx_HAL_Driver/Src/stm32f4xx_hal_dma.cyclo ./Drivers/STM32F4xx_HAL_Driver/Src/stm32f4xx_hal_dma.d ./Drivers/STM32F4xx_HAL_Driver/Src/stm32f4xx_hal_dma.o ./Drivers/STM32F4xx_HAL_Driver/Src/stm32f4xx_hal_dma.su ./Drivers/STM32F4xx_HAL_Driver/Src/stm32f4xx_hal_dma_ex.cyclo ./Drivers/STM32F4xx_HAL_Driver/Src/stm32f4xx_hal_dma_ex.d ./Drivers/STM32F4xx_HAL_Driver/Src/stm32f4xx_hal_dma_ex.o ./Drivers/STM32F4xx_HAL_Driver/Src/stm32f4xx_hal_dma_ex.su ./Drivers/STM32F4xx_HAL_Driver/Src/stm32f4xx_hal_exti.cyclo ./Drivers/STM32F4xx_HAL_Driver/Src/stm32f4xx_hal_exti.d ./Drivers/STM32F4xx_HAL_Driver/Src/stm32f4xx_hal_exti.o ./Drivers/STM32F4xx_HAL_Driver/Src/stm32f4xx_hal_exti.su ./Drivers/STM32F4xx_HAL_Driver/Src/stm32f4xx_hal_flash.cyclo ./Drivers/STM32F4xx_HAL_Driver/Src/stm32f4xx_hal_flash.d ./Drivers/STM32F4xx_HAL_Driver/Src/stm32f4xx_hal_flash.o ./Drivers/STM32F4xx_HAL_Driver/Src/stm32f4xx_hal_flash.su ./Drivers/STM32F4xx_HAL_Driver/Src/stm32f4xx_hal_flash_ex.cyclo ./Drivers/STM32F4xx_HAL_Driver/Src/stm32f4xx_hal_flash_ex.d ./Drivers/STM32F4xx_HAL_Driver/Src/stm32f4xx_hal_flash_ex.o ./Drivers/STM32F4xx_HAL_Driver/Src/stm32f4xx_hal_flash_ex.su ./Drivers/STM32F4xx_HAL_Driver/Src/stm32f4xx_hal_flash_ramfunc.cyclo ./Drivers/STM32F4xx_HAL_Driver/Src/stm32f4xx_hal_flash_ramfunc.d ./Drivers/STM32F4xx_HAL_Driver/Src/stm32f4xx_hal_flash_ramfunc.o ./Drivers/STM32F4xx_HAL_Driver/Src/stm32f4xx_hal_flash_ramfunc.su ./Drivers/STM32F4xx_HAL_Driver/Src/stm32f4xx_hal_gpio.cyclo ./Drivers/STM32F4xx_HAL_Driver/Src/stm32f4xx_hal_gpio.d ./Drivers/STM32F4xx_HAL_Driver/Src/stm32f4xx_hal_gpio.o ./Drivers/STM32F4xx_HAL_Driver/Src/stm32f4xx_hal_gpio.su ./Drivers/STM32F4xx_HAL_Driver/Src/stm32f4xx_hal_i2c.cyclo ./Drivers/STM32F4xx_HAL_Driver/Src/stm32f4xx_hal_i2c.d ./Drivers/STM32F4xx_HAL_Driver/Src/stm32f4xx_hal_i2c.o ./Drivers/STM32F4xx_HAL_Driver/Src/stm32f4xx_hal_i2c.su ./Drivers/STM32F4xx_HAL_Driver/Src/stm32f4xx_hal_i2c_ex.cyclo ./Drivers/STM32F4xx_HAL_Driver/Src/stm32f4xx_hal_i2c_ex.d ./Drivers/STM32F4xx_HAL_Driver/Src/stm32f4xx_hal_i2c_ex.o ./Drivers/STM32F4xx_HAL_Driver/Src/stm32f4xx_hal_i2c_ex.su ./Drivers/STM32F4xx_HAL_Driver/Src/stm32f4xx_hal_pwr.cyclo ./Drivers/STM32F4xx_HAL_Driver/Src/stm32f4xx_hal_pwr.d ./Drivers/STM32F4xx_HAL_Driver/Src/stm32f4xx_hal_pwr.o ./Drivers/STM32F4xx_HAL_Driver/Src/stm32f4xx_hal_pwr.su ./Drivers/STM32F4xx_HAL_Driver/Src/stm32f4xx_hal_pwr_ex.cyclo ./Drivers/STM32F4xx_HAL_Driver/Src/stm32f4xx_hal_pwr_ex.d ./Drivers/STM32F4xx_HAL_Driver/Src/stm32f4xx_hal_pwr_ex.o ./Drivers/STM32F4xx_HAL_Driver/Src/stm32f4xx_hal_pwr_ex.su ./Drivers/STM32F4xx_HAL_Driver/Src/stm32f4xx_hal_rcc.cyclo ./Drivers/STM32F4xx_HAL_Driver/Src/stm32f4xx_hal_rcc.d ./Drivers/STM32F4xx_HAL_Driver/Src/stm32f4xx_hal_rcc.o ./Drivers/STM32F4xx_HAL_Driver/Src/stm32f4xx_hal_rcc.su ./Drivers/STM32F4xx_HAL_Driver/Src/stm32f4xx_hal_rcc_ex.cyclo ./Drivers/STM32F4xx_HAL_Driver/Src/stm32f4xx_hal_rcc_ex.d ./Drivers/STM32F4xx_HAL_Driver/Src/stm32f4xx_hal_rcc_ex.o ./Drivers/STM32F4xx_HAL_Driver/Src/stm32f4xx_hal_rcc_ex.su ./Drivers/STM32F4xx_HAL_Driver/Src/stm32f4xx_hal_spi.cyclo ./Drivers/STM32F4xx_HAL_Driver/Src/stm32f4xx_hal_spi.d ./Drivers/STM32F4xx_HAL_Driver/Src/stm32f4xx_hal_spi.o ./Drivers/STM32F4xx_HAL_Driver/Src/stm32f4xx_hal_spi.su ./Drivers/STM32F4xx_HAL_Driver/Src/stm32f4xx_hal_tim.cyclo ./Drivers/STM32F4xx_HAL_Driver/Src/stm32f4xx_hal_tim.d ./Drivers/STM32F4xx_HAL_Driver/Src/stm32f4xx_hal_tim.o ./Drivers/STM32F4xx_HAL_Driver/Src/stm32f4xx_hal_tim.su ./Drivers/STM32F4xx_HAL_Driver/Src/stm32f4xx_hal_tim_ex.cyclo ./Drivers/STM32F4xx_HAL_Driver/Src/stm32f4xx_hal_tim_ex.d ./Drivers/STM32F4xx_HAL_Driver/Src/stm32f4xx_hal_tim_ex.o ./Drivers/STM32F4xx_HAL_Driver/Src/stm32f4xx_hal_tim_ex.su ./Drivers/STM32F4xx_HAL_Driver/Src/stm32f4xx_hal_uart.cyclo ./Drivers/STM32F4xx_HAL_Driver/Src/stm32f4xx_hal_uart.d ./Drivers/STM32F4xx_HAL_Driver/Src/stm32f4xx_hal_uart.o ./Drivers/STM32F4xx_HAL_Driver/Src/stm32f4xx_hal_uart.su
rm -rf ./Core/Startup/startup_stm32f401ccux.d ./Core/Startup/startup_stm32f401ccux.o
rm -rf ./Core/Src/it.cyclo ./Core/Src/it.d ./Core/Src/it.o ./Core/Src/it.su ./Core/Src/main.cyclo ./Core/Src/main.d ./Core/Src/main.o ./Core/Src/main.su ./Core/Src/msp.cyclo ./Core/Src/msp.d ./Core/Src/msp.o ./Core/Src/msp.su ./Core/Src/stm32f4xx_hal_timebase_tim.cyclo ./Core/Src/stm32f4xx_hal_timebase_tim.d ./Core/Src/stm32f4xx_hal_timebase_tim.o ./Core/Src/stm32f4xx_hal_timebase_tim.su ./Core/Src/syscalls.cyclo ./Core/Src/syscalls.d ./Core/Src/syscalls.o ./Core/Src/syscalls.su ./Core/Src/system_stm32f4xx.cyclo ./Core/Src/system_stm32f4xx.d ./Core/Src/system_stm32f4xx.o ./Core/Src/system_stm32f4xx.su ./Core/Src/user_global.cyclo ./Core/Src/user_global.d ./Core/Src/user_global.o ./Core/Src/user_global.su
rm -rf AMS.elf AMS.list AMS.map default.size.stdout
rm: can't remove 'AMS.elf': Permission denied
make: [makefile:90: clean] Error 1 (ignored)
 
17:40:40 **** Incremental Build of configuration Debug for project AMS ****
make -j8 all 
arm-none-eabi-gcc "../ssd1963/src/display_config.c" -mcpu=cortex-m4 -std=gnu11 -g3 -DDEBUG -DUSE_HAL_DRIVER -DSTM32F401xC -c -I../Core/Inc -I"C:/Users/shubh/OneDrive/Desktop/Workspace/FINGERPRINT/AMS v1.4.4.0/AMS/24c256/inc" -I"C:/Users/shubh/OneDrive/Desktop/Workspace/FINGERPRINT/AMS v1.4.4.0/AMS/r307/inc" -I"C:/Users/shubh/OneDrive/Desktop/Workspace/FINGERPRINT/AMS v1.4.4.0/AMS/ThirdParty/SEGGER/Config" -I"C:/Users/shubh/OneDrive/Desktop/Workspace/FINGERPRINT/AMS v1.4.4.0/AMS/ThirdParty/SEGGER/OS" -I"C:/Users/shubh/OneDrive/Desktop/Workspace/FINGERPRINT/AMS v1.4.4.0/AMS/ThirdParty/SEGGER/SEGGER" -I"C:/Users/shubh/OneDrive/Desktop/Workspace/FINGERPRINT/AMS v1.4.4.0/AMS/ThirdParty/FreeRTOS" -I"C:/Users/shubh/OneDrive/Desktop/Workspace/FINGERPRINT/AMS v1.4.4.0/AMS/ThirdParty/FreeRTOS/include" -I"C:/Users/shubh/OneDrive/Desktop/Workspace/FINGERPRINT/AMS v1.4.4.0/AMS/ThirdParty/FreeRTOS/portable/GCC/ARM_CM4F" -I"C:/Users/shubh/OneDrive/Desktop/Workspace/FINGERPRINT/AMS v1.4.4.0/AMS/mrfc522/inc" -I"C:/Users/shubh/OneDrive/Desktop/Workspace/FINGERPRINT/AMS v1.4.4.0/AMS/mrfc522/src" -I"C:/Users/shubh/OneDrive/Desktop/Workspace/FINGERPRINT/AMS v1.4.4.0/AMS/ssd1963/inc" -I"C:/Users/shubh/OneDrive/Desktop/Workspace/FINGERPRINT/AMS v1.4.4.0/AMS/ssd1963/src" -I../Drivers/STM32F4xx_HAL_Driver/Inc -I../Drivers/STM32F4xx_HAL_Driver/Inc/Legacy -I../Drivers/CMSIS/Device/ST/STM32F4xx/Include -I../Drivers/CMSIS/Include -O3 -ffunction-sections -fdata-sections -Wall -fstack-usage -fcyclomatic-complexity -MMD -MP -MF"ssd1963/src/display_config.d" -MT"ssd1963/src/display_config.o" --specs=nano.specs -mfpu=fpv4-sp-d16 -mfloat-abi=hard -mthumb -o "ssd1963/src/display_config.o"
arm-none-eabi-gcc "../ssd1963/src/fonts.c" -mcpu=cortex-m4 -std=gnu11 -g3 -DDEBUG -DUSE_HAL_DRIVER -DSTM32F401xC -c -I../Core/Inc -I"C:/Users/shubh/OneDrive/Desktop/Workspace/FINGERPRINT/AMS v1.4.4.0/AMS/24c256/inc" -I"C:/Users/shubh/OneDrive/Desktop/Workspace/FINGERPRINT/AMS v1.4.4.0/AMS/r307/inc" -I"C:/Users/shubh/OneDrive/Desktop/Workspace/FINGERPRINT/AMS v1.4.4.0/AMS/ThirdParty/SEGGER/Config" -I"C:/Users/shubh/OneDrive/Desktop/Workspace/FINGERPRINT/AMS v1.4.4.0/AMS/ThirdParty/SEGGER/OS" -I"C:/Users/shubh/OneDrive/Desktop/Workspace/FINGERPRINT/AMS v1.4.4.0/AMS/ThirdParty/SEGGER/SEGGER" -I"C:/Users/shubh/OneDrive/Desktop/Workspace/FINGERPRINT/AMS v1.4.4.0/AMS/ThirdParty/FreeRTOS" -I"C:/Users/shubh/OneDrive/Desktop/Workspace/FINGERPRINT/AMS v1.4.4.0/AMS/ThirdParty/FreeRTOS/include" -I"C:/Users/shubh/OneDrive/Desktop/Workspace/FINGERPRINT/AMS v1.4.4.0/AMS/ThirdParty/FreeRTOS/portable/GCC/ARM_CM4F" -I"C:/Users/shubh/OneDrive/Desktop/Workspace/FINGERPRINT/AMS v1.4.4.0/AMS/mrfc522/inc" -I"C:/Users/shubh/OneDrive/Desktop/Workspace/FINGERPRINT/AMS v1.4.4.0/AMS/mrfc522/src" -I"C:/Users/shubh/OneDrive/Desktop/Workspace/FINGERPRINT/AMS v1.4.4.0/AMS/ssd1963/inc" -I"C:/Users/shubh/OneDrive/Desktop/Workspace/FINGERPRINT/AMS v1.4.4.0/AMS/ssd1963/src" -I../Drivers/STM32F4xx_HAL_Driver/Inc -I../Drivers/STM32F4xx_HAL_Driver/Inc/Legacy -I../Drivers/CMSIS/Device/ST/STM32F4xx/Include -I../Drivers/CMSIS/Include -O3 -ffunction-sections -fdata-sections -Wall -fstack-usage -fcyclomatic-complexity -MMD -MP -MF"ssd1963/src/fonts.d" -MT"ssd1963/src/fonts.o" --specs=nano.specs -mfpu=fpv4-sp-d16 -mfloat-abi=hard -mthumb -o "ssd1963/src/fonts.o"
arm-none-eabi-gcc "../ssd1963/src/ssd1963.c" -mcpu=cortex-m4 -std=gnu11 -g3 -DDEBUG -DUSE_HAL_DRIVER -DSTM32F401xC -c -I../Core/Inc -I"C:/Users/shubh/OneDrive/Desktop/Workspace/FINGERPRINT/AMS v1.4.4.0/AMS/24c256/inc" -I"C:/Users/shubh/OneDrive/Desktop/Workspace/FINGERPRINT/AMS v1.4.4.0/AMS/r307/inc" -I"C:/Users/shubh/OneDrive/Desktop/Workspace/FINGERPRINT/AMS v1.4.4.0/AMS/ThirdParty/SEGGER/Config" -I"C:/Users/shubh/OneDrive/Desktop/Workspace/FINGERPRINT/AMS v1.4.4.0/AMS/ThirdParty/SEGGER/OS" -I"C:/Users/shubh/OneDrive/Desktop/Workspace/FINGERPRINT/AMS v1.4.4.0/AMS/ThirdParty/SEGGER/SEGGER" -I"C:/Users/shubh/OneDrive/Desktop/Workspace/FINGERPRINT/AMS v1.4.4.0/AMS/ThirdParty/FreeRTOS" -I"C:/Users/shubh/OneDrive/Desktop/Workspace/FINGERPRINT/AMS v1.4.4.0/AMS/ThirdParty/FreeRTOS/include" -I"C:/Users/shubh/OneDrive/Desktop/Workspace/FINGERPRINT/AMS v1.4.4.0/AMS/ThirdParty/FreeRTOS/portable/GCC/ARM_CM4F" -I"C:/Users/shubh/OneDrive/Desktop/Workspace/FINGERPRINT/AMS v1.4.4.0/AMS/mrfc522/inc" -I"C:/Users/shubh/OneDrive/Desktop/Workspace/FINGERPRINT/AMS v1.4.4.0/AMS/mrfc522/src" -I"C:/Users/shubh/OneDrive/Desktop/Workspace/FINGERPRINT/AMS v1.4.4.0/AMS/ssd1963/inc" -I"C:/Users/shubh/OneDrive/Desktop/Workspace/FINGERPRINT/AMS v1.4.4.0/AMS/ssd1963/src" -I../Drivers/STM32F4xx_HAL_Driver/Inc -I../Drivers/STM32F4xx_HAL_Driver/Inc/Legacy -I../Drivers/CMSIS/Device/ST/STM32F4xx/Include -I../Drivers/CMSIS/Include -O3 -ffunction-sections -fdata-sections -Wall -fstack-usage -fcyclomatic-complexity -MMD -MP -MF"ssd1963/src/ssd1963.d" -MT"ssd1963/src/ssd1963.o" --specs=nano.specs -mfpu=fpv4-sp-d16 -mfloat-abi=hard -mthumb -o "ssd1963/src/ssd1963.o"
arm-none-eabi-gcc "../ssd1963/src/xpt2046.c" -mcpu=cortex-m4 -std=gnu11 -g3 -DDEBUG -DUSE_HAL_DRIVER -DSTM32F401xC -c -I../Core/Inc -I"C:/Users/shubh/OneDrive/Desktop/Workspace/FINGERPRINT/AMS v1.4.4.0/AMS/24c256/inc" -I"C:/Users/shubh/OneDrive/Desktop/Workspace/FINGERPRINT/AMS v1.4.4.0/AMS/r307/inc" -I"C:/Users/shubh/OneDrive/Desktop/Workspace/FINGERPRINT/AMS v1.4.4.0/AMS/ThirdParty/SEGGER/Config" -I"C:/Users/shubh/OneDrive/Desktop/Workspace/FINGERPRINT/AMS v1.4.4.0/AMS/ThirdParty/SEGGER/OS" -I"C:/Users/shubh/OneDrive/Desktop/Workspace/FINGERPRINT/AMS v1.4.4.0/AMS/ThirdParty/SEGGER/SEGGER" -I"C:/Users/shubh/OneDrive/Desktop/Workspace/FINGERPRINT/AMS v1.4.4.0/AMS/ThirdParty/FreeRTOS" -I"C:/Users/shubh/OneDrive/Desktop/Workspace/FINGERPRINT/AMS v1.4.4.0/AMS/ThirdParty/FreeRTOS/include" -I"C:/Users/shubh/OneDrive/Desktop/Workspace/FINGERPRINT/AMS v1.4.4.0/AMS/ThirdParty/FreeRTOS/portable/GCC/ARM_CM4F" -I"C:/Users/shubh/OneDrive/Desktop/Workspace/FINGERPRINT/AMS v1.4.4.0/AMS/mrfc522/inc" -I"C:/Users/shubh/OneDrive/Desktop/Workspace/FINGERPRINT/AMS v1.4.4.0/AMS/mrfc522/src" -I"C:/Users/shubh/OneDrive/Desktop/Workspace/FINGERPRINT/AMS v1.4.4.0/AMS/ssd1963/inc" -I"C:/Users/shubh/OneDrive/Desktop/Workspace/FINGERPRINT/AMS v1.4.4.0/AMS/ssd1963/src" -I../Drivers/STM32F4xx_HAL_Driver/Inc -I../Drivers/STM32F4xx_HAL_Driver/Inc/Legacy -I../Drivers/CMSIS/Device/ST/STM32F4xx/Include -I../Drivers/CMSIS/Include -O3 -ffunction-sections -fdata-sections -Wall -fstack-usage -fcyclomatic-complexity -MMD -MP -MF"ssd1963/src/xpt2046.d" -MT"ssd1963/src/xpt2046.o" --specs=nano.specs -mfpu=fpv4-sp-d16 -mfloat-abi=hard -mthumb -o "ssd1963/src/xpt2046.o"
arm-none-eabi-gcc "../mrfc522/src/mfrc522.c" -mcpu=cortex-m4 -std=gnu11 -g3 -DDEBUG -DUSE_HAL_DRIVER -DSTM32F401xC -c -I../Core/Inc -I"C:/Users/shubh/OneDrive/Desktop/Workspace/FINGERPRINT/AMS v1.4.4.0/AMS/24c256/inc" -I"C:/Users/shubh/OneDrive/Desktop/Workspace/FINGERPRINT/AMS v1.4.4.0/AMS/r307/inc" -I"C:/Users/shubh/OneDrive/Desktop/Workspace/FINGERPRINT/AMS v1.4.4.0/AMS/ThirdParty/SEGGER/Config" -I"C:/Users/shubh/OneDrive/Desktop/Workspace/FINGERPRINT/AMS v1.4.4.0/AMS/ThirdParty/SEGGER/OS" -I"C:/Users/shubh/OneDrive/Desktop/Workspace/FINGERPRINT/AMS v1.4.4.0/AMS/ThirdParty/SEGGER/SEGGER" -I"C:/Users/shubh/OneDrive/Desktop/Workspace/FINGERPRINT/AMS v1.4.4.0/AMS/ThirdParty/FreeRTOS" -I"C:/Users/shubh/OneDrive/Desktop/Workspace/FINGERPRINT/AMS v1.4.4.0/AMS/ThirdParty/FreeRTOS/include" -I"C:/Users/shubh/OneDrive/Desktop/Workspace/FINGERPRINT/AMS v1.4.4.0/AMS/ThirdParty/FreeRTOS/portable/GCC/ARM_CM4F" -I"C:/Users/shubh/OneDrive/Desktop/Workspace/FINGERPRINT/AMS v1.4.4.0/AMS/mrfc522/inc" -I"C:/Users/shubh/OneDrive/Desktop/Workspace/FINGERPRINT/AMS v1.4.4.0/AMS/mrfc522/src" -I"C:/Users/shubh/OneDrive/Desktop/Workspace/FINGERPRINT/AMS v1.4.4.0/AMS/ssd1963/inc" -I"C:/Users/shubh/OneDrive/Desktop/Workspace/FINGERPRINT/AMS v1.4.4.0/AMS/ssd1963/src" -I../Drivers/STM32F4xx_HAL_Driver/Inc -I../Drivers/STM32F4xx_HAL_Driver/Inc/Legacy -I../Drivers/CMSIS/Device/ST/STM32F4xx/Include -I../Drivers/CMSIS/Include -O3 -ffunction-sections -fdata-sections -Wall -fstack-usage -fcyclomatic-complexity -MMD -MP -MF"mrfc522/src/mfrc522.d" -MT"mrfc522/src/mfrc522.o" --specs=nano.specs -mfpu=fpv4-sp-d16 -mfloat-abi=hard -mthumb -o "mrfc522/src/mfrc522.o"
arm-none-eabi-gcc "../mrfc522/src/mfrc522_config.c" -mcpu=cortex-m4 -std=gnu11 -g3 -DDEBUG -DUSE_HAL_DRIVER -DSTM32F401xC -c -I../Core/Inc -I"C:/Users/shubh/OneDrive/Desktop/Workspace/FINGERPRINT/AMS v1.4.4.0/AMS/24c256/inc" -I"C:/Users/shubh/OneDrive/Desktop/Workspace/FINGERPRINT/AMS v1.4.4.0/AMS/r307/inc" -I"C:/Users/shubh/OneDrive/Desktop/Workspace/FINGERPRINT/AMS v1.4.4.0/AMS/ThirdParty/SEGGER/Config" -I"C:/Users/shubh/OneDrive/Desktop/Workspace/FINGERPRINT/AMS v1.4.4.0/AMS/ThirdParty/SEGGER/OS" -I"C:/Users/shubh/OneDrive/Desktop/Workspace/FINGERPRINT/AMS v1.4.4.0/AMS/ThirdParty/SEGGER/SEGGER" -I"C:/Users/shubh/OneDrive/Desktop/Workspace/FINGERPRINT/AMS v1.4.4.0/AMS/ThirdParty/FreeRTOS" -I"C:/Users/shubh/OneDrive/Desktop/Workspace/FINGERPRINT/AMS v1.4.4.0/AMS/ThirdParty/FreeRTOS/include" -I"C:/Users/shubh/OneDrive/Desktop/Workspace/FINGERPRINT/AMS v1.4.4.0/AMS/ThirdParty/FreeRTOS/portable/GCC/ARM_CM4F" -I"C:/Users/shubh/OneDrive/Desktop/Workspace/FINGERPRINT/AMS v1.4.4.0/AMS/mrfc522/inc" -I"C:/Users/shubh/OneDrive/Desktop/Workspace/FINGERPRINT/AMS v1.4.4.0/AMS/mrfc522/src" -I"C:/Users/shubh/OneDrive/Desktop/Workspace/FINGERPRINT/AMS v1.4.4.0/AMS/ssd1963/inc" -I"C:/Users/shubh/OneDrive/Desktop/Workspace/FINGERPRINT/AMS v1.4.4.0/AMS/ssd1963/src" -I../Drivers/STM32F4xx_HAL_Driver/Inc -I../Drivers/STM32F4xx_HAL_Driver/Inc/Legacy -I../Drivers/CMSIS/Device/ST/STM32F4xx/Include -I../Drivers/CMSIS/Include -O3 -ffunction-sections -fdata-sections -Wall -fstack-usage -fcyclomatic-complexity -MMD -MP -MF"mrfc522/src/mfrc522_config.d" -MT"mrfc522/src/mfrc522_config.o" --specs=nano.specs -mfpu=fpv4-sp-d16 -mfloat-abi=hard -mthumb -o "mrfc522/src/mfrc522_config.o"
arm-none-eabi-gcc "../ThirdParty/SEGGER/SEGGER/Syscalls/SEGGER_RTT_Syscalls_GCC.c" -mcpu=cortex-m4 -std=gnu11 -g3 -DDEBUG -DUSE_HAL_DRIVER -DSTM32F401xC -c -I../Core/Inc -I"C:/Users/shubh/OneDrive/Desktop/Workspace/FINGERPRINT/AMS v1.4.4.0/AMS/24c256/inc" -I"C:/Users/shubh/OneDrive/Desktop/Workspace/FINGERPRINT/AMS v1.4.4.0/AMS/r307/inc" -I"C:/Users/shubh/OneDrive/Desktop/Workspace/FINGERPRINT/AMS v1.4.4.0/AMS/ThirdParty/SEGGER/Config" -I"C:/Users/shubh/OneDrive/Desktop/Workspace/FINGERPRINT/AMS v1.4.4.0/AMS/ThirdParty/SEGGER/OS" -I"C:/Users/shubh/OneDrive/Desktop/Workspace/FINGERPRINT/AMS v1.4.4.0/AMS/ThirdParty/SEGGER/SEGGER" -I"C:/Users/shubh/OneDrive/Desktop/Workspace/FINGERPRINT/AMS v1.4.4.0/AMS/ThirdParty/FreeRTOS" -I"C:/Users/shubh/OneDrive/Desktop/Workspace/FINGERPRINT/AMS v1.4.4.0/AMS/ThirdParty/FreeRTOS/include" -I"C:/Users/shubh/OneDrive/Desktop/Workspace/FINGERPRINT/AMS v1.4.4.0/AMS/ThirdParty/FreeRTOS/portable/GCC/ARM_CM4F" -I"C:/Users/shubh/OneDrive/Desktop/Workspace/FINGERPRINT/AMS v1.4.4.0/AMS/mrfc522/inc" -I"C:/Users/shubh/OneDrive/Desktop/Workspace/FINGERPRINT/AMS v1.4.4.0/AMS/mrfc522/src" -I"C:/Users/shubh/OneDrive/Desktop/Workspace/FINGERPRINT/AMS v1.4.4.0/AMS/ssd1963/inc" -I"C:/Users/shubh/OneDrive/Desktop/Workspace/FINGERPRINT/AMS v1.4.4.0/AMS/ssd1963/src" -I../Drivers/STM32F4xx_HAL_Driver/Inc -I../Drivers/STM32F4xx_HAL_Driver/Inc/Legacy -I../Drivers/CMSIS/Device/ST/STM32F4xx/Include -I../Drivers/CMSIS/Include -O3 -ffunction-sections -fdata-sections -Wall -fstack-usage -fcyclomatic-complexity -MMD -MP -MF"ThirdParty/SEGGER/SEGGER/Syscalls/SEGGER_RTT_Syscalls_GCC.d" -MT"ThirdParty/SEGGER/SEGGER/Syscalls/SEGGER_RTT_Syscalls_GCC.o" --specs=nano.specs -mfpu=fpv4-sp-d16 -mfloat-abi=hard -mthumb -o "ThirdParty/SEGGER/SEGGER/Syscalls/SEGGER_RTT_Syscalls_GCC.o"
arm-none-eabi-gcc "../ThirdParty/SEGGER/SEGGER/SEGGER_RTT.c" -mcpu=cortex-m4 -std=gnu11 -g3 -DDEBUG -DUSE_HAL_DRIVER -DSTM32F401xC -c -I../Core/Inc -I"C:/Users/shubh/OneDrive/Desktop/Workspace/FINGERPRINT/AMS v1.4.4.0/AMS/24c256/inc" -I"C:/Users/shubh/OneDrive/Desktop/Workspace/FINGERPRINT/AMS v1.4.4.0/AMS/r307/inc" -I"C:/Users/shubh/OneDrive/Desktop/Workspace/FINGERPRINT/AMS v1.4.4.0/AMS/ThirdParty/SEGGER/Config" -I"C:/Users/shubh/OneDrive/Desktop/Workspace/FINGERPRINT/AMS v1.4.4.0/AMS/ThirdParty/SEGGER/OS" -I"C:/Users/shubh/OneDrive/Desktop/Workspace/FINGERPRINT/AMS v1.4.4.0/AMS/ThirdParty/SEGGER/SEGGER" -I"C:/Users/shubh/OneDrive/Desktop/Workspace/FINGERPRINT/AMS v1.4.4.0/AMS/ThirdParty/FreeRTOS" -I"C:/Users/shubh/OneDrive/Desktop/Workspace/FINGERPRINT/AMS v1.4.4.0/AMS/ThirdParty/FreeRTOS/include" -I"C:/Users/shubh/OneDrive/Desktop/Workspace/FINGERPRINT/AMS v1.4.4.0/AMS/ThirdParty/FreeRTOS/portable/GCC/ARM_CM4F" -I"C:/Users/shubh/OneDrive/Desktop/Workspace/FINGERPRINT/AMS v1.4.4.0/AMS/mrfc522/inc" -I"C:/Users/shubh/OneDrive/Desktop/Workspace/FINGERPRINT/AMS v1.4.4.0/AMS/mrfc522/src" -I"C:/Users/shubh/OneDrive/Desktop/Workspace/FINGERPRINT/AMS v1.4.4.0/AMS/ssd1963/inc" -I"C:/Users/shubh/OneDrive/Desktop/Workspace/FINGERPRINT/AMS v1.4.4.0/AMS/ssd1963/src" -I../Drivers/STM32F4xx_HAL_Driver/Inc -I../Drivers/STM32F4xx_HAL_Driver/Inc/Legacy -I../Drivers/CMSIS/Device/ST/STM32F4xx/Include -I../Drivers/CMSIS/Include -O3 -ffunction-sections -fdata-sections -Wall -fstack-usage -fcyclomatic-complexity -MMD -MP -MF"ThirdParty/SEGGER/SEGGER/SEGGER_RTT.d" -MT"ThirdParty/SEGGER/SEGGER/SEGGER_RTT.o" --specs=nano.specs -mfpu=fpv4-sp-d16 -mfloat-abi=hard -mthumb -o "ThirdParty/SEGGER/SEGGER/SEGGER_RTT.o"
arm-none-eabi-gcc -mcpu=cortex-m4 -g3 -DDEBUG -c -I"C:/Users/shubh/OneDrive/Desktop/Workspace/FINGERPRINT/AMS v1.4.4.0/AMS/ThirdParty/SEGGER/Config" -x assembler-with-cpp -MMD -MP -MF"ThirdParty/SEGGER/SEGGER/SEGGER_RTT_ASM_ARMv7M.d" -MT"ThirdParty/SEGGER/SEGGER/SEGGER_RTT_ASM_ARMv7M.o" --specs=nano.specs -mfpu=fpv4-sp-d16 -mfloat-abi=hard -mthumb -o "ThirdParty/SEGGER/SEGGER/SEGGER_RTT_ASM_ARMv7M.o" "../ThirdParty/SEGGER/SEGGER/SEGGER_RTT_ASM_ARMv7M.S"
arm-none-eabi-gcc "../ThirdParty/SEGGER/SEGGER/SEGGER_RTT_printf.c" -mcpu=cortex-m4 -std=gnu11 -g3 -DDEBUG -DUSE_HAL_DRIVER -DSTM32F401xC -c -I../Core/Inc -I"C:/Users/shubh/OneDrive/Desktop/Workspace/FINGERPRINT/AMS v1.4.4.0/AMS/24c256/inc" -I"C:/Users/shubh/OneDrive/Desktop/Workspace/FINGERPRINT/AMS v1.4.4.0/AMS/r307/inc" -I"C:/Users/shubh/OneDrive/Desktop/Workspace/FINGERPRINT/AMS v1.4.4.0/AMS/ThirdParty/SEGGER/Config" -I"C:/Users/shubh/OneDrive/Desktop/Workspace/FINGERPRINT/AMS v1.4.4.0/AMS/ThirdParty/SEGGER/OS" -I"C:/Users/shubh/OneDrive/Desktop/Workspace/FINGERPRINT/AMS v1.4.4.0/AMS/ThirdParty/SEGGER/SEGGER" -I"C:/Users/shubh/OneDrive/Desktop/Workspace/FINGERPRINT/AMS v1.4.4.0/AMS/ThirdParty/FreeRTOS" -I"C:/Users/shubh/OneDrive/Desktop/Workspace/FINGERPRINT/AMS v1.4.4.0/AMS/ThirdParty/FreeRTOS/include" -I"C:/Users/shubh/OneDrive/Desktop/Workspace/FINGERPRINT/AMS v1.4.4.0/AMS/ThirdParty/FreeRTOS/portable/GCC/ARM_CM4F" -I"C:/Users/shubh/OneDrive/Desktop/Workspace/FINGERPRINT/AMS v1.4.4.0/AMS/mrfc522/inc" -I"C:/Users/shubh/OneDrive/Desktop/Workspace/FINGERPRINT/AMS v1.4.4.0/AMS/mrfc522/src" -I"C:/Users/shubh/OneDrive/Desktop/Workspace/FINGERPRINT/AMS v1.4.4.0/AMS/ssd1963/inc" -I"C:/Users/shubh/OneDrive/Desktop/Workspace/FINGERPRINT/AMS v1.4.4.0/AMS/ssd1963/src" -I../Drivers/STM32F4xx_HAL_Driver/Inc -I../Drivers/STM32F4xx_HAL_Driver/Inc/Legacy -I../Drivers/CMSIS/Device/ST/STM32F4xx/Include -I../Drivers/CMSIS/Include -O3 -ffunction-sections -fdata-sections -Wall -fstack-usage -fcyclomatic-complexity -MMD -MP -MF"ThirdParty/SEGGER/SEGGER/SEGGER_RTT_printf.d" -MT"ThirdParty/SEGGER/SEGGER/SEGGER_RTT_printf.o" --specs=nano.specs -mfpu=fpv4-sp-d16 -mfloat-abi=hard -mthumb -o "ThirdParty/SEGGER/SEGGER/SEGGER_RTT_printf.o"
arm-none-eabi-gcc "../ThirdParty/SEGGER/SEGGER/SEGGER_SYSVIEW.c" -mcpu=cortex-m4 -std=gnu11 -g3 -DDEBUG -DUSE_HAL_DRIVER -DSTM32F401xC -c -I../Core/Inc -I"C:/Users/shubh/OneDrive/Desktop/Workspace/FINGERPRINT/AMS v1.4.4.0/AMS/24c256/inc" -I"C:/Users/shubh/OneDrive/Desktop/Workspace/FINGERPRINT/AMS v1.4.4.0/AMS/r307/inc" -I"C:/Users/shubh/OneDrive/Desktop/Workspace/FINGERPRINT/AMS v1.4.4.0/AMS/ThirdParty/SEGGER/Config" -I"C:/Users/shubh/OneDrive/Desktop/Workspace/FINGERPRINT/AMS v1.4.4.0/AMS/ThirdParty/SEGGER/OS" -I"C:/Users/shubh/OneDrive/Desktop/Workspace/FINGERPRINT/AMS v1.4.4.0/AMS/ThirdParty/SEGGER/SEGGER" -I"C:/Users/shubh/OneDrive/Desktop/Workspace/FINGERPRINT/AMS v1.4.4.0/AMS/ThirdParty/FreeRTOS" -I"C:/Users/shubh/OneDrive/Desktop/Workspace/FINGERPRINT/AMS v1.4.4.0/AMS/ThirdParty/FreeRTOS/include" -I"C:/Users/shubh/OneDrive/Desktop/Workspace/FINGERPRINT/AMS v1.4.4.0/AMS/ThirdParty/FreeRTOS/portable/GCC/ARM_CM4F" -I"C:/Users/shubh/OneDrive/Desktop/Workspace/FINGERPRINT/AMS v1.4.4.0/AMS/mrfc522/inc" -I"C:/Users/shubh/OneDrive/Desktop/Workspace/FINGERPRINT/AMS v1.4.4.0/AMS/mrfc522/src" -I"C:/Users/shubh/OneDrive/Desktop/Workspace/FINGERPRINT/AMS v1.4.4.0/AMS/ssd1963/inc" -I"C:/Users/shubh/OneDrive/Desktop/Workspace/FINGERPRINT/AMS v1.4.4.0/AMS/ssd1963/src" -I../Drivers/STM32F4xx_HAL_Driver/Inc -I../Drivers/STM32F4xx_HAL_Driver/Inc/Legacy -I../Drivers/CMSIS/Device/ST/STM32F4xx/Include -I../Drivers/CMSIS/Include -O3 -ffunction-sections -fdata-sections -Wall -fstack-usage -fcyclomatic-complexity -MMD -MP -MF"ThirdParty/SEGGER/SEGGER/SEGGER_SYSVIEW.d" -MT"ThirdParty/SEGGER/SEGGER/SEGGER_SYSVIEW.o" --specs=nano.specs -mfpu=fpv4-sp-d16 -mfloat-abi=hard -mthumb -o "ThirdParty/SEGGER/SEGGER/SEGGER_SYSVIEW.o"
arm-none-eabi-gcc "../ThirdParty/SEGGER/OS/SEGGER_SYSVIEW_FreeRTOS.c" -mcpu=cortex-m4 -std=gnu11 -g3 -DDEBUG -DUSE_HAL_DRIVER -DSTM32F401xC -c -I../Core/Inc -I"C:/Users/shubh/OneDrive/Desktop/Workspace/FINGERPRINT/AMS v1.4.4.0/AMS/24c256/inc" -I"C:/Users/shubh/OneDrive/Desktop/Workspace/FINGERPRINT/AMS v1.4.4.0/AMS/r307/inc" -I"C:/Users/shubh/OneDrive/Desktop/Workspace/FINGERPRINT/AMS v1.4.4.0/AMS/ThirdParty/SEGGER/Config" -I"C:/Users/shubh/OneDrive/Desktop/Workspace/FINGERPRINT/AMS v1.4.4.0/AMS/ThirdParty/SEGGER/OS" -I"C:/Users/shubh/OneDrive/Desktop/Workspace/FINGERPRINT/AMS v1.4.4.0/AMS/ThirdParty/SEGGER/SEGGER" -I"C:/Users/shubh/OneDrive/Desktop/Workspace/FINGERPRINT/AMS v1.4.4.0/AMS/ThirdParty/FreeRTOS" -I"C:/Users/shubh/OneDrive/Desktop/Workspace/FINGERPRINT/AMS v1.4.4.0/AMS/ThirdParty/FreeRTOS/include" -I"C:/Users/shubh/OneDrive/Desktop/Workspace/FINGERPRINT/AMS v1.4.4.0/AMS/ThirdParty/FreeRTOS/portable/GCC/ARM_CM4F" -I"C:/Users/shubh/OneDrive/Desktop/Workspace/FINGERPRINT/AMS v1.4.4.0/AMS/mrfc522/inc" -I"C:/Users/shubh/OneDrive/Desktop/Workspace/FINGERPRINT/AMS v1.4.4.0/AMS/mrfc522/src" -I"C:/Users/shubh/OneDrive/Desktop/Workspace/FINGERPRINT/AMS v1.4.4.0/AMS/ssd1963/inc" -I"C:/Users/shubh/OneDrive/Desktop/Workspace/FINGERPRINT/AMS v1.4.4.0/AMS/ssd1963/src" -I../Drivers/STM32F4xx_HAL_Driver/Inc -I../Drivers/STM32F4xx_HAL_Driver/Inc/Legacy -I../Drivers/CMSIS/Device/ST/STM32F4xx/Include -I../Drivers/CMSIS/Include -O3 -ffunction-sections -fdata-sections -Wall -fstack-usage -fcyclomatic-complexity -MMD -MP -MF"ThirdParty/SEGGER/OS/SEGGER_SYSVIEW_FreeRTOS.d" -MT"ThirdParty/SEGGER/OS/SEGGER_SYSVIEW_FreeRTOS.o" --specs=nano.specs -mfpu=fpv4-sp-d16 -mfloat-abi=hard -mthumb -o "ThirdParty/SEGGER/OS/SEGGER_SYSVIEW_FreeRTOS.o"
arm-none-eabi-gcc "../ThirdParty/SEGGER/Config/SEGGER_SYSVIEW_Config_FreeRTOS.c" -mcpu=cortex-m4 -std=gnu11 -g3 -DDEBUG -DUSE_HAL_DRIVER -DSTM32F401xC -c -I../Core/Inc -I"C:/Users/shubh/OneDrive/Desktop/Workspace/FINGERPRINT/AMS v1.4.4.0/AMS/24c256/inc" -I"C:/Users/shubh/OneDrive/Desktop/Workspace/FINGERPRINT/AMS v1.4.4.0/AMS/r307/inc" -I"C:/Users/shubh/OneDrive/Desktop/Workspace/FINGERPRINT/AMS v1.4.4.0/AMS/ThirdParty/SEGGER/Config" -I"C:/Users/shubh/OneDrive/Desktop/Workspace/FINGERPRINT/AMS v1.4.4.0/AMS/ThirdParty/SEGGER/OS" -I"C:/Users/shubh/OneDrive/Desktop/Workspace/FINGERPRINT/AMS v1.4.4.0/AMS/ThirdParty/SEGGER/SEGGER" -I"C:/Users/shubh/OneDrive/Desktop/Workspace/FINGERPRINT/AMS v1.4.4.0/AMS/ThirdParty/FreeRTOS" -I"C:/Users/shubh/OneDrive/Desktop/Workspace/FINGERPRINT/AMS v1.4.4.0/AMS/ThirdParty/FreeRTOS/include" -I"C:/Users/shubh/OneDrive/Desktop/Workspace/FINGERPRINT/AMS v1.4.4.0/AMS/ThirdParty/FreeRTOS/portable/GCC/ARM_CM4F" -I"C:/Users/shubh/OneDrive/Desktop/Workspace/FINGERPRINT/AMS v1.4.4.0/AMS/mrfc522/inc" -I"C:/Users/shubh/OneDrive/Desktop/Workspace/FINGERPRINT/AMS v1.4.4.0/AMS/mrfc522/src" -I"C:/Users/shubh/OneDrive/Desktop/Workspace/FINGERPRINT/AMS v1.4.4.0/AMS/ssd1963/inc" -I"C:/Users/shubh/OneDrive/Desktop/Workspace/FINGERPRINT/AMS v1.4.4.0/AMS/ssd1963/src" -I../Drivers/STM32F4xx_HAL_Driver/Inc -I../Drivers/STM32F4xx_HAL_Driver/Inc/Legacy -I../Drivers/CMSIS/Device/ST/STM32F4xx/Include -I../Drivers/CMSIS/Include -O3 -ffunction-sections -fdata-sections -Wall -fstack-usage -fcyclomatic-complexity -MMD -MP -MF"ThirdParty/SEGGER/Config/SEGGER_SYSVIEW_Config_FreeRTOS.d" -MT"ThirdParty/SEGGER/Config/SEGGER_SYSVIEW_Config_FreeRTOS.o" --specs=nano.specs -mfpu=fpv4-sp-d16 -mfloat-abi=hard -mthumb -o "ThirdParty/SEGGER/Config/SEGGER_SYSVIEW_Config_FreeRTOS.o"
arm-none-eabi-gcc "../ThirdParty/FreeRTOS/portable/MemMang/heap_4.c" -mcpu=cortex-m4 -std=gnu11 -g3 -DDEBUG -DUSE_HAL_DRIVER -DSTM32F401xC -c -I../Core/Inc -I"C:/Users/shubh/OneDrive/Desktop/Workspace/FINGERPRINT/AMS v1.4.4.0/AMS/24c256/inc" -I"C:/Users/shubh/OneDrive/Desktop/Workspace/FINGERPRINT/AMS v1.4.4.0/AMS/r307/inc" -I"C:/Users/shubh/OneDrive/Desktop/Workspace/FINGERPRINT/AMS v1.4.4.0/AMS/ThirdParty/SEGGER/Config" -I"C:/Users/shubh/OneDrive/Desktop/Workspace/FINGERPRINT/AMS v1.4.4.0/AMS/ThirdParty/SEGGER/OS" -I"C:/Users/shubh/OneDrive/Desktop/Workspace/FINGERPRINT/AMS v1.4.4.0/AMS/ThirdParty/SEGGER/SEGGER" -I"C:/Users/shubh/OneDrive/Desktop/Workspace/FINGERPRINT/AMS v1.4.4.0/AMS/ThirdParty/FreeRTOS" -I"C:/Users/shubh/OneDrive/Desktop/Workspace/FINGERPRINT/AMS v1.4.4.0/AMS/ThirdParty/FreeRTOS/include" -I"C:/Users/shubh/OneDrive/Desktop/Workspace/FINGERPRINT/AMS v1.4.4.0/AMS/ThirdParty/FreeRTOS/portable/GCC/ARM_CM4F" -I"C:/Users/shubh/OneDrive/Desktop/Workspace/FINGERPRINT/AMS v1.4.4.0/AMS/mrfc522/inc" -I"C:/Users/shubh/OneDrive/Desktop/Workspace/FINGERPRINT/AMS v1.4.4.0/AMS/mrfc522/src" -I"C:/Users/shubh/OneDrive/Desktop/Workspace/FINGERPRINT/AMS v1.4.4.0/AMS/ssd1963/inc" -I"C:/Users/shubh/OneDrive/Desktop/Workspace/FINGERPRINT/AMS v1.4.4.0/AMS/ssd1963/src" -I../Drivers/STM32F4xx_HAL_Driver/Inc -I../Drivers/STM32F4xx_HAL_Driver/Inc/Legacy -I../Drivers/CMSIS/Device/ST/STM32F4xx/Include -I../Drivers/CMSIS/Include -O3 -ffunction-sections -fdata-sections -Wall -fstack-usage -fcyclomatic-complexity -MMD -MP -MF"ThirdParty/FreeRTOS/portable/MemMang/heap_4.d" -MT"ThirdParty/FreeRTOS/portable/MemMang/heap_4.o" --specs=nano.specs -mfpu=fpv4-sp-d16 -mfloat-abi=hard -mthumb -o "ThirdParty/FreeRTOS/portable/MemMang/heap_4.o"
arm-none-eabi-gcc "../ThirdParty/FreeRTOS/portable/GCC/ARM_CM4F/port.c" -mcpu=cortex-m4 -std=gnu11 -g3 -DDEBUG -DUSE_HAL_DRIVER -DSTM32F401xC -c -I../Core/Inc -I"C:/Users/shubh/OneDrive/Desktop/Workspace/FINGERPRINT/AMS v1.4.4.0/AMS/24c256/inc" -I"C:/Users/shubh/OneDrive/Desktop/Workspace/FINGERPRINT/AMS v1.4.4.0/AMS/r307/inc" -I"C:/Users/shubh/OneDrive/Desktop/Workspace/FINGERPRINT/AMS v1.4.4.0/AMS/ThirdParty/SEGGER/Config" -I"C:/Users/shubh/OneDrive/Desktop/Workspace/FINGERPRINT/AMS v1.4.4.0/AMS/ThirdParty/SEGGER/OS" -I"C:/Users/shubh/OneDrive/Desktop/Workspace/FINGERPRINT/AMS v1.4.4.0/AMS/ThirdParty/SEGGER/SEGGER" -I"C:/Users/shubh/OneDrive/Desktop/Workspace/FINGERPRINT/AMS v1.4.4.0/AMS/ThirdParty/FreeRTOS" -I"C:/Users/shubh/OneDrive/Desktop/Workspace/FINGERPRINT/AMS v1.4.4.0/AMS/ThirdParty/FreeRTOS/include" -I"C:/Users/shubh/OneDrive/Desktop/Workspace/FINGERPRINT/AMS v1.4.4.0/AMS/ThirdParty/FreeRTOS/portable/GCC/ARM_CM4F" -I"C:/Users/shubh/OneDrive/Desktop/Workspace/FINGERPRINT/AMS v1.4.4.0/AMS/mrfc522/inc" -I"C:/Users/shubh/OneDrive/Desktop/Workspace/FINGERPRINT/AMS v1.4.4.0/AMS/mrfc522/src" -I"C:/Users/shubh/OneDrive/Desktop/Workspace/FINGERPRINT/AMS v1.4.4.0/AMS/ssd1963/inc" -I"C:/Users/shubh/OneDrive/Desktop/Workspace/FINGERPRINT/AMS v1.4.4.0/AMS/ssd1963/src" -I../Drivers/STM32F4xx_HAL_Driver/Inc -I../Drivers/STM32F4xx_HAL_Driver/Inc/Legacy -I../Drivers/CMSIS/Device/ST/STM32F4xx/Include -I../Drivers/CMSIS/Include -O3 -ffunction-sections -fdata-sections -Wall -fstack-usage -fcyclomatic-complexity -MMD -MP -MF"ThirdParty/FreeRTOS/portable/GCC/ARM_CM4F/port.d" -MT"ThirdParty/FreeRTOS/portable/GCC/ARM_CM4F/port.o" --specs=nano.specs -mfpu=fpv4-sp-d16 -mfloat-abi=hard -mthumb -o "ThirdParty/FreeRTOS/portable/GCC/ARM_CM4F/port.o"
arm-none-eabi-gcc "../ThirdParty/FreeRTOS/croutine.c" -mcpu=cortex-m4 -std=gnu11 -g3 -DDEBUG -DUSE_HAL_DRIVER -DSTM32F401xC -c -I../Core/Inc -I"C:/Users/shubh/OneDrive/Desktop/Workspace/FINGERPRINT/AMS v1.4.4.0/AMS/24c256/inc" -I"C:/Users/shubh/OneDrive/Desktop/Workspace/FINGERPRINT/AMS v1.4.4.0/AMS/r307/inc" -I"C:/Users/shubh/OneDrive/Desktop/Workspace/FINGERPRINT/AMS v1.4.4.0/AMS/ThirdParty/SEGGER/Config" -I"C:/Users/shubh/OneDrive/Desktop/Workspace/FINGERPRINT/AMS v1.4.4.0/AMS/ThirdParty/SEGGER/OS" -I"C:/Users/shubh/OneDrive/Desktop/Workspace/FINGERPRINT/AMS v1.4.4.0/AMS/ThirdParty/SEGGER/SEGGER" -I"C:/Users/shubh/OneDrive/Desktop/Workspace/FINGERPRINT/AMS v1.4.4.0/AMS/ThirdParty/FreeRTOS" -I"C:/Users/shubh/OneDrive/Desktop/Workspace/FINGERPRINT/AMS v1.4.4.0/AMS/ThirdParty/FreeRTOS/include" -I"C:/Users/shubh/OneDrive/Desktop/Workspace/FINGERPRINT/AMS v1.4.4.0/AMS/ThirdParty/FreeRTOS/portable/GCC/ARM_CM4F" -I"C:/Users/shubh/OneDrive/Desktop/Workspace/FINGERPRINT/AMS v1.4.4.0/AMS/mrfc522/inc" -I"C:/Users/shubh/OneDrive/Desktop/Workspace/FINGERPRINT/AMS v1.4.4.0/AMS/mrfc522/src" -I"C:/Users/shubh/OneDrive/Desktop/Workspace/FINGERPRINT/AMS v1.4.4.0/AMS/ssd1963/inc" -I"C:/Users/shubh/OneDrive/Desktop/Workspace/FINGERPRINT/AMS v1.4.4.0/AMS/ssd1963/src" -I../Drivers/STM32F4xx_HAL_Driver/Inc -I../Drivers/STM32F4xx_HAL_Driver/Inc/Legacy -I../Drivers/CMSIS/Device/ST/STM32F4xx/Include -I../Drivers/CMSIS/Include -O3 -ffunction-sections -fdata-sections -Wall -fstack-usage -fcyclomatic-complexity -MMD -MP -MF"ThirdParty/FreeRTOS/croutine.d" -MT"ThirdParty/FreeRTOS/croutine.o" --specs=nano.specs -mfpu=fpv4-sp-d16 -mfloat-abi=hard -mthumb -o "ThirdParty/FreeRTOS/croutine.o"
arm-none-eabi-gcc "../ThirdParty/FreeRTOS/event_groups.c" -mcpu=cortex-m4 -std=gnu11 -g3 -DDEBUG -DUSE_HAL_DRIVER -DSTM32F401xC -c -I../Core/Inc -I"C:/Users/shubh/OneDrive/Desktop/Workspace/FINGERPRINT/AMS v1.4.4.0/AMS/24c256/inc" -I"C:/Users/shubh/OneDrive/Desktop/Workspace/FINGERPRINT/AMS v1.4.4.0/AMS/r307/inc" -I"C:/Users/shubh/OneDrive/Desktop/Workspace/FINGERPRINT/AMS v1.4.4.0/AMS/ThirdParty/SEGGER/Config" -I"C:/Users/shubh/OneDrive/Desktop/Workspace/FINGERPRINT/AMS v1.4.4.0/AMS/ThirdParty/SEGGER/OS" -I"C:/Users/shubh/OneDrive/Desktop/Workspace/FINGERPRINT/AMS v1.4.4.0/AMS/ThirdParty/SEGGER/SEGGER" -I"C:/Users/shubh/OneDrive/Desktop/Workspace/FINGERPRINT/AMS v1.4.4.0/AMS/ThirdParty/FreeRTOS" -I"C:/Users/shubh/OneDrive/Desktop/Workspace/FINGERPRINT/AMS v1.4.4.0/AMS/ThirdParty/FreeRTOS/include" -I"C:/Users/shubh/OneDrive/Desktop/Workspace/FINGERPRINT/AMS v1.4.4.0/AMS/ThirdParty/FreeRTOS/portable/GCC/ARM_CM4F" -I"C:/Users/shubh/OneDrive/Desktop/Workspace/FINGERPRINT/AMS v1.4.4.0/AMS/mrfc522/inc" -I"C:/Users/shubh/OneDrive/Desktop/Workspace/FINGERPRINT/AMS v1.4.4.0/AMS/mrfc522/src" -I"C:/Users/shubh/OneDrive/Desktop/Workspace/FINGERPRINT/AMS v1.4.4.0/AMS/ssd1963/inc" -I"C:/Users/shubh/OneDrive/Desktop/Workspace/FINGERPRINT/AMS v1.4.4.0/AMS/ssd1963/src" -I../Drivers/STM32F4xx_HAL_Driver/Inc -I../Drivers/STM32F4xx_HAL_Driver/Inc/Legacy -I../Drivers/CMSIS/Device/ST/STM32F4xx/Include -I../Drivers/CMSIS/Include -O3 -ffunction-sections -fdata-sections -Wall -fstack-usage -fcyclomatic-complexity -MMD -MP -MF"ThirdParty/FreeRTOS/event_groups.d" -MT"ThirdParty/FreeRTOS/event_groups.o" --specs=nano.specs -mfpu=fpv4-sp-d16 -mfloat-abi=hard -mthumb -o "ThirdParty/FreeRTOS/event_groups.o"
arm-none-eabi-gcc "../ThirdParty/FreeRTOS/list.c" -mcpu=cortex-m4 -std=gnu11 -g3 -DDEBUG -DUSE_HAL_DRIVER -DSTM32F401xC -c -I../Core/Inc -I"C:/Users/shubh/OneDrive/Desktop/Workspace/FINGERPRINT/AMS v1.4.4.0/AMS/24c256/inc" -I"C:/Users/shubh/OneDrive/Desktop/Workspace/FINGERPRINT/AMS v1.4.4.0/AMS/r307/inc" -I"C:/Users/shubh/OneDrive/Desktop/Workspace/FINGERPRINT/AMS v1.4.4.0/AMS/ThirdParty/SEGGER/Config" -I"C:/Users/shubh/OneDrive/Desktop/Workspace/FINGERPRINT/AMS v1.4.4.0/AMS/ThirdParty/SEGGER/OS" -I"C:/Users/shubh/OneDrive/Desktop/Workspace/FINGERPRINT/AMS v1.4.4.0/AMS/ThirdParty/SEGGER/SEGGER" -I"C:/Users/shubh/OneDrive/Desktop/Workspace/FINGERPRINT/AMS v1.4.4.0/AMS/ThirdParty/FreeRTOS" -I"C:/Users/shubh/OneDrive/Desktop/Workspace/FINGERPRINT/AMS v1.4.4.0/AMS/ThirdParty/FreeRTOS/include" -I"C:/Users/shubh/OneDrive/Desktop/Workspace/FINGERPRINT/AMS v1.4.4.0/AMS/ThirdParty/FreeRTOS/portable/GCC/ARM_CM4F" -I"C:/Users/shubh/OneDrive/Desktop/Workspace/FINGERPRINT/AMS v1.4.4.0/AMS/mrfc522/inc" -I"C:/Users/shubh/OneDrive/Desktop/Workspace/FINGERPRINT/AMS v1.4.4.0/AMS/mrfc522/src" -I"C:/Users/shubh/OneDrive/Desktop/Workspace/FINGERPRINT/AMS v1.4.4.0/AMS/ssd1963/inc" -I"C:/Users/shubh/OneDrive/Desktop/Workspace/FINGERPRINT/AMS v1.4.4.0/AMS/ssd1963/src" -I../Drivers/STM32F4xx_HAL_Driver/Inc -I../Drivers/STM32F4xx_HAL_Driver/Inc/Legacy -I../Drivers/CMSIS/Device/ST/STM32F4xx/Include -I../Drivers/CMSIS/Include -O3 -ffunction-sections -fdata-sections -Wall -fstack-usage -fcyclomatic-complexity -MMD -MP -MF"ThirdParty/FreeRTOS/list.d" -MT"ThirdParty/FreeRTOS/list.o" --specs=nano.specs -mfpu=fpv4-sp-d16 -mfloat-abi=hard -mthumb -o "ThirdParty/FreeRTOS/list.o"
arm-none-eabi-gcc "../ThirdParty/FreeRTOS/queue.c" -mcpu=cortex-m4 -std=gnu11 -g3 -DDEBUG -DUSE_HAL_DRIVER -DSTM32F401xC -c -I../Core/Inc -I"C:/Users/shubh/OneDrive/Desktop/Workspace/FINGERPRINT/AMS v1.4.4.0/AMS/24c256/inc" -I"C:/Users/shubh/OneDrive/Desktop/Workspace/FINGERPRINT/AMS v1.4.4.0/AMS/r307/inc" -I"C:/Users/shubh/OneDrive/Desktop/Workspace/FINGERPRINT/AMS v1.4.4.0/AMS/ThirdParty/SEGGER/Config" -I"C:/Users/shubh/OneDrive/Desktop/Workspace/FINGERPRINT/AMS v1.4.4.0/AMS/ThirdParty/SEGGER/OS" -I"C:/Users/shubh/OneDrive/Desktop/Workspace/FINGERPRINT/AMS v1.4.4.0/AMS/ThirdParty/SEGGER/SEGGER" -I"C:/Users/shubh/OneDrive/Desktop/Workspace/FINGERPRINT/AMS v1.4.4.0/AMS/ThirdParty/FreeRTOS" -I"C:/Users/shubh/OneDrive/Desktop/Workspace/FINGERPRINT/AMS v1.4.4.0/AMS/ThirdParty/FreeRTOS/include" -I"C:/Users/shubh/OneDrive/Desktop/Workspace/FINGERPRINT/AMS v1.4.4.0/AMS/ThirdParty/FreeRTOS/portable/GCC/ARM_CM4F" -I"C:/Users/shubh/OneDrive/Desktop/Workspace/FINGERPRINT/AMS v1.4.4.0/AMS/mrfc522/inc" -I"C:/Users/shubh/OneDrive/Desktop/Workspace/FINGERPRINT/AMS v1.4.4.0/AMS/mrfc522/src" -I"C:/Users/shubh/OneDrive/Desktop/Workspace/FINGERPRINT/AMS v1.4.4.0/AMS/ssd1963/inc" -I"C:/Users/shubh/OneDrive/Desktop/Workspace/FINGERPRINT/AMS v1.4.4.0/AMS/ssd1963/src" -I../Drivers/STM32F4xx_HAL_Driver/Inc -I../Drivers/STM32F4xx_HAL_Driver/Inc/Legacy -I../Drivers/CMSIS/Device/ST/STM32F4xx/Include -I../Drivers/CMSIS/Include -O3 -ffunction-sections -fdata-sections -Wall -fstack-usage -fcyclomatic-complexity -MMD -MP -MF"ThirdParty/FreeRTOS/queue.d" -MT"ThirdParty/FreeRTOS/queue.o" --specs=nano.specs -mfpu=fpv4-sp-d16 -mfloat-abi=hard -mthumb -o "ThirdParty/FreeRTOS/queue.o"
arm-none-eabi-gcc "../ThirdParty/FreeRTOS/stream_buffer.c" -mcpu=cortex-m4 -std=gnu11 -g3 -DDEBUG -DUSE_HAL_DRIVER -DSTM32F401xC -c -I../Core/Inc -I"C:/Users/shubh/OneDrive/Desktop/Workspace/FINGERPRINT/AMS v1.4.4.0/AMS/24c256/inc" -I"C:/Users/shubh/OneDrive/Desktop/Workspace/FINGERPRINT/AMS v1.4.4.0/AMS/r307/inc" -I"C:/Users/shubh/OneDrive/Desktop/Workspace/FINGERPRINT/AMS v1.4.4.0/AMS/ThirdParty/SEGGER/Config" -I"C:/Users/shubh/OneDrive/Desktop/Workspace/FINGERPRINT/AMS v1.4.4.0/AMS/ThirdParty/SEGGER/OS" -I"C:/Users/shubh/OneDrive/Desktop/Workspace/FINGERPRINT/AMS v1.4.4.0/AMS/ThirdParty/SEGGER/SEGGER" -I"C:/Users/shubh/OneDrive/Desktop/Workspace/FINGERPRINT/AMS v1.4.4.0/AMS/ThirdParty/FreeRTOS" -I"C:/Users/shubh/OneDrive/Desktop/Workspace/FINGERPRINT/AMS v1.4.4.0/AMS/ThirdParty/FreeRTOS/include" -I"C:/Users/shubh/OneDrive/Desktop/Workspace/FINGERPRINT/AMS v1.4.4.0/AMS/ThirdParty/FreeRTOS/portable/GCC/ARM_CM4F" -I"C:/Users/shubh/OneDrive/Desktop/Workspace/FINGERPRINT/AMS v1.4.4.0/AMS/mrfc522/inc" -I"C:/Users/shubh/OneDrive/Desktop/Workspace/FINGERPRINT/AMS v1.4.4.0/AMS/mrfc522/src" -I"C:/Users/shubh/OneDrive/Desktop/Workspace/FINGERPRINT/AMS v1.4.4.0/AMS/ssd1963/inc" -I"C:/Users/shubh/OneDrive/Desktop/Workspace/FINGERPRINT/AMS v1.4.4.0/AMS/ssd1963/src" -I../Drivers/STM32F4xx_HAL_Driver/Inc -I../Drivers/STM32F4xx_HAL_Driver/Inc/Legacy -I../Drivers/CMSIS/Device/ST/STM32F4xx/Include -I../Drivers/CMSIS/Include -O3 -ffunction-sections -fdata-sections -Wall -fstack-usage -fcyclomatic-complexity -MMD -MP -MF"ThirdParty/FreeRTOS/stream_buffer.d" -MT"ThirdParty/FreeRTOS/stream_buffer.o" --specs=nano.specs -mfpu=fpv4-sp-d16 -mfloat-abi=hard -mthumb -o "ThirdParty/FreeRTOS/stream_buffer.o"
arm-none-eabi-gcc "../ThirdParty/FreeRTOS/tasks.c" -mcpu=cortex-m4 -std=gnu11 -g3 -DDEBUG -DUSE_HAL_DRIVER -DSTM32F401xC -c -I../Core/Inc -I"C:/Users/shubh/OneDrive/Desktop/Workspace/FINGERPRINT/AMS v1.4.4.0/AMS/24c256/inc" -I"C:/Users/shubh/OneDrive/Desktop/Workspace/FINGERPRINT/AMS v1.4.4.0/AMS/r307/inc" -I"C:/Users/shubh/OneDrive/Desktop/Workspace/FINGERPRINT/AMS v1.4.4.0/AMS/ThirdParty/SEGGER/Config" -I"C:/Users/shubh/OneDrive/Desktop/Workspace/FINGERPRINT/AMS v1.4.4.0/AMS/ThirdParty/SEGGER/OS" -I"C:/Users/shubh/OneDrive/Desktop/Workspace/FINGERPRINT/AMS v1.4.4.0/AMS/ThirdParty/SEGGER/SEGGER" -I"C:/Users/shubh/OneDrive/Desktop/Workspace/FINGERPRINT/AMS v1.4.4.0/AMS/ThirdParty/FreeRTOS" -I"C:/Users/shubh/OneDrive/Desktop/Workspace/FINGERPRINT/AMS v1.4.4.0/AMS/ThirdParty/FreeRTOS/include" -I"C:/Users/shubh/OneDrive/Desktop/Workspace/FINGERPRINT/AMS v1.4.4.0/AMS/ThirdParty/FreeRTOS/portable/GCC/ARM_CM4F" -I"C:/Users/shubh/OneDrive/Desktop/Workspace/FINGERPRINT/AMS v1.4.4.0/AMS/mrfc522/inc" -I"C:/Users/shubh/OneDrive/Desktop/Workspace/FINGERPRINT/AMS v1.4.4.0/AMS/mrfc522/src" -I"C:/Users/shubh/OneDrive/Desktop/Workspace/FINGERPRINT/AMS v1.4.4.0/AMS/ssd1963/inc" -I"C:/Users/shubh/OneDrive/Desktop/Workspace/FINGERPRINT/AMS v1.4.4.0/AMS/ssd1963/src" -I../Drivers/STM32F4xx_HAL_Driver/Inc -I../Drivers/STM32F4xx_HAL_Driver/Inc/Legacy -I../Drivers/CMSIS/Device/ST/STM32F4xx/Include -I../Drivers/CMSIS/Include -O3 -ffunction-sections -fdata-sections -Wall -fstack-usage -fcyclomatic-complexity -MMD -MP -MF"ThirdParty/FreeRTOS/tasks.d" -MT"ThirdParty/FreeRTOS/tasks.o" --specs=nano.specs -mfpu=fpv4-sp-d16 -mfloat-abi=hard -mthumb -o "ThirdParty/FreeRTOS/tasks.o"
arm-none-eabi-gcc "../ThirdParty/FreeRTOS/timers.c" -mcpu=cortex-m4 -std=gnu11 -g3 -DDEBUG -DUSE_HAL_DRIVER -DSTM32F401xC -c -I../Core/Inc -I"C:/Users/shubh/OneDrive/Desktop/Workspace/FINGERPRINT/AMS v1.4.4.0/AMS/24c256/inc" -I"C:/Users/shubh/OneDrive/Desktop/Workspace/FINGERPRINT/AMS v1.4.4.0/AMS/r307/inc" -I"C:/Users/shubh/OneDrive/Desktop/Workspace/FINGERPRINT/AMS v1.4.4.0/AMS/ThirdParty/SEGGER/Config" -I"C:/Users/shubh/OneDrive/Desktop/Workspace/FINGERPRINT/AMS v1.4.4.0/AMS/ThirdParty/SEGGER/OS" -I"C:/Users/shubh/OneDrive/Desktop/Workspace/FINGERPRINT/AMS v1.4.4.0/AMS/ThirdParty/SEGGER/SEGGER" -I"C:/Users/shubh/OneDrive/Desktop/Workspace/FINGERPRINT/AMS v1.4.4.0/AMS/ThirdParty/FreeRTOS" -I"C:/Users/shubh/OneDrive/Desktop/Workspace/FINGERPRINT/AMS v1.4.4.0/AMS/ThirdParty/FreeRTOS/include" -I"C:/Users/shubh/OneDrive/Desktop/Workspace/FINGERPRINT/AMS v1.4.4.0/AMS/ThirdParty/FreeRTOS/portable/GCC/ARM_CM4F" -I"C:/Users/shubh/OneDrive/Desktop/Workspace/FINGERPRINT/AMS v1.4.4.0/AMS/mrfc522/inc" -I"C:/Users/shubh/OneDrive/Desktop/Workspace/FINGERPRINT/AMS v1.4.4.0/AMS/mrfc522/src" -I"C:/Users/shubh/OneDrive/Desktop/Workspace/FINGERPRINT/AMS v1.4.4.0/AMS/ssd1963/inc" -I"C:/Users/shubh/OneDrive/Desktop/Workspace/FINGERPRINT/AMS v1.4.4.0/AMS/ssd1963/src" -I../Drivers/STM32F4xx_HAL_Driver/Inc -I../Drivers/STM32F4xx_HAL_Driver/Inc/Legacy -I../Drivers/CMSIS/Device/ST/STM32F4xx/Include -I../Drivers/CMSIS/Include -O3 -ffunction-sections -fdata-sections -Wall -fstack-usage -fcyclomatic-complexity -MMD -MP -MF"ThirdParty/FreeRTOS/timers.d" -MT"ThirdParty/FreeRTOS/timers.o" --specs=nano.specs -mfpu=fpv4-sp-d16 -mfloat-abi=hard -mthumb -o "ThirdParty/FreeRTOS/timers.o"
arm-none-eabi-gcc "../Drivers/STM32F4xx_HAL_Driver/Src/stm32f4xx_hal.c" -mcpu=cortex-m4 -std=gnu11 -g3 -DDEBUG -DUSE_HAL_DRIVER -DSTM32F401xC -c -I../Core/Inc -I"C:/Users/shubh/OneDrive/Desktop/Workspace/FINGERPRINT/AMS v1.4.4.0/AMS/24c256/inc" -I"C:/Users/shubh/OneDrive/Desktop/Workspace/FINGERPRINT/AMS v1.4.4.0/AMS/r307/inc" -I"C:/Users/shubh/OneDrive/Desktop/Workspace/FINGERPRINT/AMS v1.4.4.0/AMS/ThirdParty/SEGGER/Config" -I"C:/Users/shubh/OneDrive/Desktop/Workspace/FINGERPRINT/AMS v1.4.4.0/AMS/ThirdParty/SEGGER/OS" -I"C:/Users/shubh/OneDrive/Desktop/Workspace/FINGERPRINT/AMS v1.4.4.0/AMS/ThirdParty/SEGGER/SEGGER" -I"C:/Users/shubh/OneDrive/Desktop/Workspace/FINGERPRINT/AMS v1.4.4.0/AMS/ThirdParty/FreeRTOS" -I"C:/Users/shubh/OneDrive/Desktop/Workspace/FINGERPRINT/AMS v1.4.4.0/AMS/ThirdParty/FreeRTOS/include" -I"C:/Users/shubh/OneDrive/Desktop/Workspace/FINGERPRINT/AMS v1.4.4.0/AMS/ThirdParty/FreeRTOS/portable/GCC/ARM_CM4F" -I"C:/Users/shubh/OneDrive/Desktop/Workspace/FINGERPRINT/AMS v1.4.4.0/AMS/mrfc522/inc" -I"C:/Users/shubh/OneDrive/Desktop/Workspace/FINGERPRINT/AMS v1.4.4.0/AMS/mrfc522/src" -I"C:/Users/shubh/OneDrive/Desktop/Workspace/FINGERPRINT/AMS v1.4.4.0/AMS/ssd1963/inc" -I"C:/Users/shubh/OneDrive/Desktop/Workspace/FINGERPRINT/AMS v1.4.4.0/AMS/ssd1963/src" -I../Drivers/STM32F4xx_HAL_Driver/Inc -I../Drivers/STM32F4xx_HAL_Driver/Inc/Legacy -I../Drivers/CMSIS/Device/ST/STM32F4xx/Include -I../Drivers/CMSIS/Include -O3 -ffunction-sections -fdata-sections -Wall -fstack-usage -fcyclomatic-complexity -MMD -MP -MF"Drivers/STM32F4xx_HAL_Driver/Src/stm32f4xx_hal.d" -MT"Drivers/STM32F4xx_HAL_Driver/Src/stm32f4xx_hal.o" --specs=nano.specs -mfpu=fpv4-sp-d16 -mfloat-abi=hard -mthumb -o "Drivers/STM32F4xx_HAL_Driver/Src/stm32f4xx_hal.o"
arm-none-eabi-gcc "../Drivers/STM32F4xx_HAL_Driver/Src/stm32f4xx_hal_cortex.c" -mcpu=cortex-m4 -std=gnu11 -g3 -DDEBUG -DUSE_HAL_DRIVER -DSTM32F401xC -c -I../Core/Inc -I"C:/Users/shubh/OneDrive/Desktop/Workspace/FINGERPRINT/AMS v1.4.4.0/AMS/24c256/inc" -I"C:/Users/shubh/OneDrive/Desktop/Workspace/FINGERPRINT/AMS v1.4.4.0/AMS/r307/inc" -I"C:/Users/shubh/OneDrive/Desktop/Workspace/FINGERPRINT/AMS v1.4.4.0/AMS/ThirdParty/SEGGER/Config" -I"C:/Users/shubh/OneDrive/Desktop/Workspace/FINGERPRINT/AMS v1.4.4.0/AMS/ThirdParty/SEGGER/OS" -I"C:/Users/shubh/OneDrive/Desktop/Workspace/FINGERPRINT/AMS v1.4.4.0/AMS/ThirdParty/SEGGER/SEGGER" -I"C:/Users/shubh/OneDrive/Desktop/Workspace/FINGERPRINT/AMS v1.4.4.0/AMS/ThirdParty/FreeRTOS" -I"C:/Users/shubh/OneDrive/Desktop/Workspace/FINGERPRINT/AMS v1.4.4.0/AMS/ThirdParty/FreeRTOS/include" -I"C:/Users/shubh/OneDrive/Desktop/Workspace/FINGERPRINT/AMS v1.4.4.0/AMS/ThirdParty/FreeRTOS/portable/GCC/ARM_CM4F" -I"C:/Users/shubh/OneDrive/Desktop/Workspace/FINGERPRINT/AMS v1.4.4.0/AMS/mrfc522/inc" -I"C:/Users/shubh/OneDrive/Desktop/Workspace/FINGERPRINT/AMS v1.4.4.0/AMS/mrfc522/src" -I"C:/Users/shubh/OneDrive/Desktop/Workspace/FINGERPRINT/AMS v1.4.4.0/AMS/ssd1963/inc" -I"C:/Users/shubh/OneDrive/Desktop/Workspace/FINGERPRINT/AMS v1.4.4.0/AMS/ssd1963/src" -I../Drivers/STM32F4xx_HAL_Driver/Inc -I../Drivers/STM32F4xx_HAL_Driver/Inc/Legacy -I../Drivers/CMSIS/Device/ST/STM32F4xx/Include -I../Drivers/CMSIS/Include -O3 -ffunction-sections -fdata-sections -Wall -fstack-usage -fcyclomatic-complexity -MMD -MP -MF"Drivers/STM32F4xx_HAL_Driver/Src/stm32f4xx_hal_cortex.d" -MT"Drivers/STM32F4xx_HAL_Driver/Src/stm32f4xx_hal_cortex.o" --specs=nano.specs -mfpu=fpv4-sp-d16 -mfloat-abi=hard -mthumb -o "Drivers/STM32F4xx_HAL_Driver/Src/stm32f4xx_hal_cortex.o"
arm-none-eabi-gcc "../Drivers/STM32F4xx_HAL_Driver/Src/stm32f4xx_hal_dma.c" -mcpu=cortex-m4 -std=gnu11 -g3 -DDEBUG -DUSE_HAL_DRIVER -DSTM32F401xC -c -I../Core/Inc -I"C:/Users/shubh/OneDrive/Desktop/Workspace/FINGERPRINT/AMS v1.4.4.0/AMS/24c256/inc" -I"C:/Users/shubh/OneDrive/Desktop/Workspace/FINGERPRINT/AMS v1.4.4.0/AMS/r307/inc" -I"C:/Users/shubh/OneDrive/Desktop/Workspace/FINGERPRINT/AMS v1.4.4.0/AMS/ThirdParty/SEGGER/Config" -I"C:/Users/shubh/OneDrive/Desktop/Workspace/FINGERPRINT/AMS v1.4.4.0/AMS/ThirdParty/SEGGER/OS" -I"C:/Users/shubh/OneDrive/Desktop/Workspace/FINGERPRINT/AMS v1.4.4.0/AMS/ThirdParty/SEGGER/SEGGER" -I"C:/Users/shubh/OneDrive/Desktop/Workspace/FINGERPRINT/AMS v1.4.4.0/AMS/ThirdParty/FreeRTOS" -I"C:/Users/shubh/OneDrive/Desktop/Workspace/FINGERPRINT/AMS v1.4.4.0/AMS/ThirdParty/FreeRTOS/include" -I"C:/Users/shubh/OneDrive/Desktop/Workspace/FINGERPRINT/AMS v1.4.4.0/AMS/ThirdParty/FreeRTOS/portable/GCC/ARM_CM4F" -I"C:/Users/shubh/OneDrive/Desktop/Workspace/FINGERPRINT/AMS v1.4.4.0/AMS/mrfc522/inc" -I"C:/Users/shubh/OneDrive/Desktop/Workspace/FINGERPRINT/AMS v1.4.4.0/AMS/mrfc522/src" -I"C:/Users/shubh/OneDrive/Desktop/Workspace/FINGERPRINT/AMS v1.4.4.0/AMS/ssd1963/inc" -I"C:/Users/shubh/OneDrive/Desktop/Workspace/FINGERPRINT/AMS v1.4.4.0/AMS/ssd1963/src" -I../Drivers/STM32F4xx_HAL_Driver/Inc -I../Drivers/STM32F4xx_HAL_Driver/Inc/Legacy -I../Drivers/CMSIS/Device/ST/STM32F4xx/Include -I../Drivers/CMSIS/Include -O3 -ffunction-sections -fdata-sections -Wall -fstack-usage -fcyclomatic-complexity -MMD -MP -MF"Drivers/STM32F4xx_HAL_Driver/Src/stm32f4xx_hal_dma.d" -MT"Drivers/STM32F4xx_HAL_Driver/Src/stm32f4xx_hal_dma.o" --specs=nano.specs -mfpu=fpv4-sp-d16 -mfloat-abi=hard -mthumb -o "Drivers/STM32F4xx_HAL_Driver/Src/stm32f4xx_hal_dma.o"
arm-none-eabi-gcc "../Drivers/STM32F4xx_HAL_Driver/Src/stm32f4xx_hal_dma_ex.c" -mcpu=cortex-m4 -std=gnu11 -g3 -DDEBUG -DUSE_HAL_DRIVER -DSTM32F401xC -c -I../Core/Inc -I"C:/Users/shubh/OneDrive/Desktop/Workspace/FINGERPRINT/AMS v1.4.4.0/AMS/24c256/inc" -I"C:/Users/shubh/OneDrive/Desktop/Workspace/FINGERPRINT/AMS v1.4.4.0/AMS/r307/inc" -I"C:/Users/shubh/OneDrive/Desktop/Workspace/FINGERPRINT/AMS v1.4.4.0/AMS/ThirdParty/SEGGER/Config" -I"C:/Users/shubh/OneDrive/Desktop/Workspace/FINGERPRINT/AMS v1.4.4.0/AMS/ThirdParty/SEGGER/OS" -I"C:/Users/shubh/OneDrive/Desktop/Workspace/FINGERPRINT/AMS v1.4.4.0/AMS/ThirdParty/SEGGER/SEGGER" -I"C:/Users/shubh/OneDrive/Desktop/Workspace/FINGERPRINT/AMS v1.4.4.0/AMS/ThirdParty/FreeRTOS" -I"C:/Users/shubh/OneDrive/Desktop/Workspace/FINGERPRINT/AMS v1.4.4.0/AMS/ThirdParty/FreeRTOS/include" -I"C:/Users/shubh/OneDrive/Desktop/Workspace/FINGERPRINT/AMS v1.4.4.0/AMS/ThirdParty/FreeRTOS/portable/GCC/ARM_CM4F" -I"C:/Users/shubh/OneDrive/Desktop/Workspace/FINGERPRINT/AMS v1.4.4.0/AMS/mrfc522/inc" -I"C:/Users/shubh/OneDrive/Desktop/Workspace/FINGERPRINT/AMS v1.4.4.0/AMS/mrfc522/src" -I"C:/Users/shubh/OneDrive/Desktop/Workspace/FINGERPRINT/AMS v1.4.4.0/AMS/ssd1963/inc" -I"C:/Users/shubh/OneDrive/Desktop/Workspace/FINGERPRINT/AMS v1.4.4.0/AMS/ssd1963/src" -I../Drivers/STM32F4xx_HAL_Driver/Inc -I../Drivers/STM32F4xx_HAL_Driver/Inc/Legacy -I../Drivers/CMSIS/Device/ST/STM32F4xx/Include -I../Drivers/CMSIS/Include -O3 -ffunction-sections -fdata-sections -Wall -fstack-usage -fcyclomatic-complexity -MMD -MP -MF"Drivers/STM32F4xx_HAL_Driver/Src/stm32f4xx_hal_dma_ex.d" -MT"Drivers/STM32F4xx_HAL_Driver/Src/stm32f4xx_hal_dma_ex.o" --specs=nano.specs -mfpu=fpv4-sp-d16 -mfloat-abi=hard -mthumb -o "Drivers/STM32F4xx_HAL_Driver/Src/stm32f4xx_hal_dma_ex.o"
arm-none-eabi-gcc "../Drivers/STM32F4xx_HAL_Driver/Src/stm32f4xx_hal_exti.c" -mcpu=cortex-m4 -std=gnu11 -g3 -DDEBUG -DUSE_HAL_DRIVER -DSTM32F401xC -c -I../Core/Inc -I"C:/Users/shubh/OneDrive/Desktop/Workspace/FINGERPRINT/AMS v1.4.4.0/AMS/24c256/inc" -I"C:/Users/shubh/OneDrive/Desktop/Workspace/FINGERPRINT/AMS v1.4.4.0/AMS/r307/inc" -I"C:/Users/shubh/OneDrive/Desktop/Workspace/FINGERPRINT/AMS v1.4.4.0/AMS/ThirdParty/SEGGER/Config" -I"C:/Users/shubh/OneDrive/Desktop/Workspace/FINGERPRINT/AMS v1.4.4.0/AMS/ThirdParty/SEGGER/OS" -I"C:/Users/shubh/OneDrive/Desktop/Workspace/FINGERPRINT/AMS v1.4.4.0/AMS/ThirdParty/SEGGER/SEGGER" -I"C:/Users/shubh/OneDrive/Desktop/Workspace/FINGERPRINT/AMS v1.4.4.0/AMS/ThirdParty/FreeRTOS" -I"C:/Users/shubh/OneDrive/Desktop/Workspace/FINGERPRINT/AMS v1.4.4.0/AMS/ThirdParty/FreeRTOS/include" -I"C:/Users/shubh/OneDrive/Desktop/Workspace/FINGERPRINT/AMS v1.4.4.0/AMS/ThirdParty/FreeRTOS/portable/GCC/ARM_CM4F" -I"C:/Users/shubh/OneDrive/Desktop/Workspace/FINGERPRINT/AMS v1.4.4.0/AMS/mrfc522/inc" -I"C:/Users/shubh/OneDrive/Desktop/Workspace/FINGERPRINT/AMS v1.4.4.0/AMS/mrfc522/src" -I"C:/Users/shubh/OneDrive/Desktop/Workspace/FINGERPRINT/AMS v1.4.4.0/AMS/ssd1963/inc" -I"C:/Users/shubh/OneDrive/Desktop/Workspace/FINGERPRINT/AMS v1.4.4.0/AMS/ssd1963/src" -I../Drivers/STM32F4xx_HAL_Driver/Inc -I../Drivers/STM32F4xx_HAL_Driver/Inc/Legacy -I../Drivers/CMSIS/Device/ST/STM32F4xx/Include -I../Drivers/CMSIS/Include -O3 -ffunction-sections -fdata-sections -Wall -fstack-usage -fcyclomatic-complexity -MMD -MP -MF"Drivers/STM32F4xx_HAL_Driver/Src/stm32f4xx_hal_exti.d" -MT"Drivers/STM32F4xx_HAL_Driver/Src/stm32f4xx_hal_exti.o" --specs=nano.specs -mfpu=fpv4-sp-d16 -mfloat-abi=hard -mthumb -o "Drivers/STM32F4xx_HAL_Driver/Src/stm32f4xx_hal_exti.o"
arm-none-eabi-gcc "../Drivers/STM32F4xx_HAL_Driver/Src/stm32f4xx_hal_flash.c" -mcpu=cortex-m4 -std=gnu11 -g3 -DDEBUG -DUSE_HAL_DRIVER -DSTM32F401xC -c -I../Core/Inc -I"C:/Users/shubh/OneDrive/Desktop/Workspace/FINGERPRINT/AMS v1.4.4.0/AMS/24c256/inc" -I"C:/Users/shubh/OneDrive/Desktop/Workspace/FINGERPRINT/AMS v1.4.4.0/AMS/r307/inc" -I"C:/Users/shubh/OneDrive/Desktop/Workspace/FINGERPRINT/AMS v1.4.4.0/AMS/ThirdParty/SEGGER/Config" -I"C:/Users/shubh/OneDrive/Desktop/Workspace/FINGERPRINT/AMS v1.4.4.0/AMS/ThirdParty/SEGGER/OS" -I"C:/Users/shubh/OneDrive/Desktop/Workspace/FINGERPRINT/AMS v1.4.4.0/AMS/ThirdParty/SEGGER/SEGGER" -I"C:/Users/shubh/OneDrive/Desktop/Workspace/FINGERPRINT/AMS v1.4.4.0/AMS/ThirdParty/FreeRTOS" -I"C:/Users/shubh/OneDrive/Desktop/Workspace/FINGERPRINT/AMS v1.4.4.0/AMS/ThirdParty/FreeRTOS/include" -I"C:/Users/shubh/OneDrive/Desktop/Workspace/FINGERPRINT/AMS v1.4.4.0/AMS/ThirdParty/FreeRTOS/portable/GCC/ARM_CM4F" -I"C:/Users/shubh/OneDrive/Desktop/Workspace/FINGERPRINT/AMS v1.4.4.0/AMS/mrfc522/inc" -I"C:/Users/shubh/OneDrive/Desktop/Workspace/FINGERPRINT/AMS v1.4.4.0/AMS/mrfc522/src" -I"C:/Users/shubh/OneDrive/Desktop/Workspace/FINGERPRINT/AMS v1.4.4.0/AMS/ssd1963/inc" -I"C:/Users/shubh/OneDrive/Desktop/Workspace/FINGERPRINT/AMS v1.4.4.0/AMS/ssd1963/src" -I../Drivers/STM32F4xx_HAL_Driver/Inc -I../Drivers/STM32F4xx_HAL_Driver/Inc/Legacy -I../Drivers/CMSIS/Device/ST/STM32F4xx/Include -I../Drivers/CMSIS/Include -O3 -ffunction-sections -fdata-sections -Wall -fstack-usage -fcyclomatic-complexity -MMD -MP -MF"Drivers/STM32F4xx_HAL_Driver/Src/stm32f4xx_hal_flash.d" -MT"Drivers/STM32F4xx_HAL_Driver/Src/stm32f4xx_hal_flash.o" --specs=nano.specs -mfpu=fpv4-sp-d16 -mfloat-abi=hard -mthumb -o "Drivers/STM32F4xx_HAL_Driver/Src/stm32f4xx_hal_flash.o"
arm-none-eabi-gcc "../Drivers/STM32F4xx_HAL_Driver/Src/stm32f4xx_hal_flash_ex.c" -mcpu=cortex-m4 -std=gnu11 -g3 -DDEBUG -DUSE_HAL_DRIVER -DSTM32F401xC -c -I../Core/Inc -I"C:/Users/shubh/OneDrive/Desktop/Workspace/FINGERPRINT/AMS v1.4.4.0/AMS/24c256/inc" -I"C:/Users/shubh/OneDrive/Desktop/Workspace/FINGERPRINT/AMS v1.4.4.0/AMS/r307/inc" -I"C:/Users/shubh/OneDrive/Desktop/Workspace/FINGERPRINT/AMS v1.4.4.0/AMS/ThirdParty/SEGGER/Config" -I"C:/Users/shubh/OneDrive/Desktop/Workspace/FINGERPRINT/AMS v1.4.4.0/AMS/ThirdParty/SEGGER/OS" -I"C:/Users/shubh/OneDrive/Desktop/Workspace/FINGERPRINT/AMS v1.4.4.0/AMS/ThirdParty/SEGGER/SEGGER" -I"C:/Users/shubh/OneDrive/Desktop/Workspace/FINGERPRINT/AMS v1.4.4.0/AMS/ThirdParty/FreeRTOS" -I"C:/Users/shubh/OneDrive/Desktop/Workspace/FINGERPRINT/AMS v1.4.4.0/AMS/ThirdParty/FreeRTOS/include" -I"C:/Users/shubh/OneDrive/Desktop/Workspace/FINGERPRINT/AMS v1.4.4.0/AMS/ThirdParty/FreeRTOS/portable/GCC/ARM_CM4F" -I"C:/Users/shubh/OneDrive/Desktop/Workspace/FINGERPRINT/AMS v1.4.4.0/AMS/mrfc522/inc" -I"C:/Users/shubh/OneDrive/Desktop/Workspace/FINGERPRINT/AMS v1.4.4.0/AMS/mrfc522/src" -I"C:/Users/shubh/OneDrive/Desktop/Workspace/FINGERPRINT/AMS v1.4.4.0/AMS/ssd1963/inc" -I"C:/Users/shubh/OneDrive/Desktop/Workspace/FINGERPRINT/AMS v1.4.4.0/AMS/ssd1963/src" -I../Drivers/STM32F4xx_HAL_Driver/Inc -I../Drivers/STM32F4xx_HAL_Driver/Inc/Legacy -I../Drivers/CMSIS/Device/ST/STM32F4xx/Include -I../Drivers/CMSIS/Include -O3 -ffunction-sections -fdata-sections -Wall -fstack-usage -fcyclomatic-complexity -MMD -MP -MF"Drivers/STM32F4xx_HAL_Driver/Src/stm32f4xx_hal_flash_ex.d" -MT"Drivers/STM32F4xx_HAL_Driver/Src/stm32f4xx_hal_flash_ex.o" --specs=nano.specs -mfpu=fpv4-sp-d16 -mfloat-abi=hard -mthumb -o "Drivers/STM32F4xx_HAL_Driver/Src/stm32f4xx_hal_flash_ex.o"
arm-none-eabi-gcc "../Drivers/STM32F4xx_HAL_Driver/Src/stm32f4xx_hal_flash_ramfunc.c" -mcpu=cortex-m4 -std=gnu11 -g3 -DDEBUG -DUSE_HAL_DRIVER -DSTM32F401xC -c -I../Core/Inc -I"C:/Users/shubh/OneDrive/Desktop/Workspace/FINGERPRINT/AMS v1.4.4.0/AMS/24c256/inc" -I"C:/Users/shubh/OneDrive/Desktop/Workspace/FINGERPRINT/AMS v1.4.4.0/AMS/r307/inc" -I"C:/Users/shubh/OneDrive/Desktop/Workspace/FINGERPRINT/AMS v1.4.4.0/AMS/ThirdParty/SEGGER/Config" -I"C:/Users/shubh/OneDrive/Desktop/Workspace/FINGERPRINT/AMS v1.4.4.0/AMS/ThirdParty/SEGGER/OS" -I"C:/Users/shubh/OneDrive/Desktop/Workspace/FINGERPRINT/AMS v1.4.4.0/AMS/ThirdParty/SEGGER/SEGGER" -I"C:/Users/shubh/OneDrive/Desktop/Workspace/FINGERPRINT/AMS v1.4.4.0/AMS/ThirdParty/FreeRTOS" -I"C:/Users/shubh/OneDrive/Desktop/Workspace/FINGERPRINT/AMS v1.4.4.0/AMS/ThirdParty/FreeRTOS/include" -I"C:/Users/shubh/OneDrive/Desktop/Workspace/FINGERPRINT/AMS v1.4.4.0/AMS/ThirdParty/FreeRTOS/portable/GCC/ARM_CM4F" -I"C:/Users/shubh/OneDrive/Desktop/Workspace/FINGERPRINT/AMS v1.4.4.0/AMS/mrfc522/inc" -I"C:/Users/shubh/OneDrive/Desktop/Workspace/FINGERPRINT/AMS v1.4.4.0/AMS/mrfc522/src" -I"C:/Users/shubh/OneDrive/Desktop/Workspace/FINGERPRINT/AMS v1.4.4.0/AMS/ssd1963/inc" -I"C:/Users/shubh/OneDrive/Desktop/Workspace/FINGERPRINT/AMS v1.4.4.0/AMS/ssd1963/src" -I../Drivers/STM32F4xx_HAL_Driver/Inc -I../Drivers/STM32F4xx_HAL_Driver/Inc/Legacy -I../Drivers/CMSIS/Device/ST/STM32F4xx/Include -I../Drivers/CMSIS/Include -O3 -ffunction-sections -fdata-sections -Wall -fstack-usage -fcyclomatic-complexity -MMD -MP -MF"Drivers/STM32F4xx_HAL_Driver/Src/stm32f4xx_hal_flash_ramfunc.d" -MT"Drivers/STM32F4xx_HAL_Driver/Src/stm32f4xx_hal_flash_ramfunc.o" --specs=nano.specs -mfpu=fpv4-sp-d16 -mfloat-abi=hard -mthumb -o "Drivers/STM32F4xx_HAL_Driver/Src/stm32f4xx_hal_flash_ramfunc.o"
arm-none-eabi-gcc "../Drivers/STM32F4xx_HAL_Driver/Src/stm32f4xx_hal_gpio.c" -mcpu=cortex-m4 -std=gnu11 -g3 -DDEBUG -DUSE_HAL_DRIVER -DSTM32F401xC -c -I../Core/Inc -I"C:/Users/shubh/OneDrive/Desktop/Workspace/FINGERPRINT/AMS v1.4.4.0/AMS/24c256/inc" -I"C:/Users/shubh/OneDrive/Desktop/Workspace/FINGERPRINT/AMS v1.4.4.0/AMS/r307/inc" -I"C:/Users/shubh/OneDrive/Desktop/Workspace/FINGERPRINT/AMS v1.4.4.0/AMS/ThirdParty/SEGGER/Config" -I"C:/Users/shubh/OneDrive/Desktop/Workspace/FINGERPRINT/AMS v1.4.4.0/AMS/ThirdParty/SEGGER/OS" -I"C:/Users/shubh/OneDrive/Desktop/Workspace/FINGERPRINT/AMS v1.4.4.0/AMS/ThirdParty/SEGGER/SEGGER" -I"C:/Users/shubh/OneDrive/Desktop/Workspace/FINGERPRINT/AMS v1.4.4.0/AMS/ThirdParty/FreeRTOS" -I"C:/Users/shubh/OneDrive/Desktop/Workspace/FINGERPRINT/AMS v1.4.4.0/AMS/ThirdParty/FreeRTOS/include" -I"C:/Users/shubh/OneDrive/Desktop/Workspace/FINGERPRINT/AMS v1.4.4.0/AMS/ThirdParty/FreeRTOS/portable/GCC/ARM_CM4F" -I"C:/Users/shubh/OneDrive/Desktop/Workspace/FINGERPRINT/AMS v1.4.4.0/AMS/mrfc522/inc" -I"C:/Users/shubh/OneDrive/Desktop/Workspace/FINGERPRINT/AMS v1.4.4.0/AMS/mrfc522/src" -I"C:/Users/shubh/OneDrive/Desktop/Workspace/FINGERPRINT/AMS v1.4.4.0/AMS/ssd1963/inc" -I"C:/Users/shubh/OneDrive/Desktop/Workspace/FINGERPRINT/AMS v1.4.4.0/AMS/ssd1963/src" -I../Drivers/STM32F4xx_HAL_Driver/Inc -I../Drivers/STM32F4xx_HAL_Driver/Inc/Legacy -I../Drivers/CMSIS/Device/ST/STM32F4xx/Include -I../Drivers/CMSIS/Include -O3 -ffunction-sections -fdata-sections -Wall -fstack-usage -fcyclomatic-complexity -MMD -MP -MF"Drivers/STM32F4xx_HAL_Driver/Src/stm32f4xx_hal_gpio.d" -MT"Drivers/STM32F4xx_HAL_Driver/Src/stm32f4xx_hal_gpio.o" --specs=nano.specs -mfpu=fpv4-sp-d16 -mfloat-abi=hard -mthumb -o "Drivers/STM32F4xx_HAL_Driver/Src/stm32f4xx_hal_gpio.o"
arm-none-eabi-gcc "../Drivers/STM32F4xx_HAL_Driver/Src/stm32f4xx_hal_i2c.c" -mcpu=cortex-m4 -std=gnu11 -g3 -DDEBUG -DUSE_HAL_DRIVER -DSTM32F401xC -c -I../Core/Inc -I"C:/Users/shubh/OneDrive/Desktop/Workspace/FINGERPRINT/AMS v1.4.4.0/AMS/24c256/inc" -I"C:/Users/shubh/OneDrive/Desktop/Workspace/FINGERPRINT/AMS v1.4.4.0/AMS/r307/inc" -I"C:/Users/shubh/OneDrive/Desktop/Workspace/FINGERPRINT/AMS v1.4.4.0/AMS/ThirdParty/SEGGER/Config" -I"C:/Users/shubh/OneDrive/Desktop/Workspace/FINGERPRINT/AMS v1.4.4.0/AMS/ThirdParty/SEGGER/OS" -I"C:/Users/shubh/OneDrive/Desktop/Workspace/FINGERPRINT/AMS v1.4.4.0/AMS/ThirdParty/SEGGER/SEGGER" -I"C:/Users/shubh/OneDrive/Desktop/Workspace/FINGERPRINT/AMS v1.4.4.0/AMS/ThirdParty/FreeRTOS" -I"C:/Users/shubh/OneDrive/Desktop/Workspace/FINGERPRINT/AMS v1.4.4.0/AMS/ThirdParty/FreeRTOS/include" -I"C:/Users/shubh/OneDrive/Desktop/Workspace/FINGERPRINT/AMS v1.4.4.0/AMS/ThirdParty/FreeRTOS/portable/GCC/ARM_CM4F" -I"C:/Users/shubh/OneDrive/Desktop/Workspace/FINGERPRINT/AMS v1.4.4.0/AMS/mrfc522/inc" -I"C:/Users/shubh/OneDrive/Desktop/Workspace/FINGERPRINT/AMS v1.4.4.0/AMS/mrfc522/src" -I"C:/Users/shubh/OneDrive/Desktop/Workspace/FINGERPRINT/AMS v1.4.4.0/AMS/ssd1963/inc" -I"C:/Users/shubh/OneDrive/Desktop/Workspace/FINGERPRINT/AMS v1.4.4.0/AMS/ssd1963/src" -I../Drivers/STM32F4xx_HAL_Driver/Inc -I../Drivers/STM32F4xx_HAL_Driver/Inc/Legacy -I../Drivers/CMSIS/Device/ST/STM32F4xx/Include -I../Drivers/CMSIS/Include -O3 -ffunction-sections -fdata-sections -Wall -fstack-usage -fcyclomatic-complexity -MMD -MP -MF"Drivers/STM32F4xx_HAL_Driver/Src/stm32f4xx_hal_i2c.d" -MT"Drivers/STM32F4xx_HAL_Driver/Src/stm32f4xx_hal_i2c.o" --specs=nano.specs -mfpu=fpv4-sp-d16 -mfloat-abi=hard -mthumb -o "Drivers/STM32F4xx_HAL_Driver/Src/stm32f4xx_hal_i2c.o"
arm-none-eabi-gcc "../Drivers/STM32F4xx_HAL_Driver/Src/stm32f4xx_hal_i2c_ex.c" -mcpu=cortex-m4 -std=gnu11 -g3 -DDEBUG -DUSE_HAL_DRIVER -DSTM32F401xC -c -I../Core/Inc -I"C:/Users/shubh/OneDrive/Desktop/Workspace/FINGERPRINT/AMS v1.4.4.0/AMS/24c256/inc" -I"C:/Users/shubh/OneDrive/Desktop/Workspace/FINGERPRINT/AMS v1.4.4.0/AMS/r307/inc" -I"C:/Users/shubh/OneDrive/Desktop/Workspace/FINGERPRINT/AMS v1.4.4.0/AMS/ThirdParty/SEGGER/Config" -I"C:/Users/shubh/OneDrive/Desktop/Workspace/FINGERPRINT/AMS v1.4.4.0/AMS/ThirdParty/SEGGER/OS" -I"C:/Users/shubh/OneDrive/Desktop/Workspace/FINGERPRINT/AMS v1.4.4.0/AMS/ThirdParty/SEGGER/SEGGER" -I"C:/Users/shubh/OneDrive/Desktop/Workspace/FINGERPRINT/AMS v1.4.4.0/AMS/ThirdParty/FreeRTOS" -I"C:/Users/shubh/OneDrive/Desktop/Workspace/FINGERPRINT/AMS v1.4.4.0/AMS/ThirdParty/FreeRTOS/include" -I"C:/Users/shubh/OneDrive/Desktop/Workspace/FINGERPRINT/AMS v1.4.4.0/AMS/ThirdParty/FreeRTOS/portable/GCC/ARM_CM4F" -I"C:/Users/shubh/OneDrive/Desktop/Workspace/FINGERPRINT/AMS v1.4.4.0/AMS/mrfc522/inc" -I"C:/Users/shubh/OneDrive/Desktop/Workspace/FINGERPRINT/AMS v1.4.4.0/AMS/mrfc522/src" -I"C:/Users/shubh/OneDrive/Desktop/Workspace/FINGERPRINT/AMS v1.4.4.0/AMS/ssd1963/inc" -I"C:/Users/shubh/OneDrive/Desktop/Workspace/FINGERPRINT/AMS v1.4.4.0/AMS/ssd1963/src" -I../Drivers/STM32F4xx_HAL_Driver/Inc -I../Drivers/STM32F4xx_HAL_Driver/Inc/Legacy -I../Drivers/CMSIS/Device/ST/STM32F4xx/Include -I../Drivers/CMSIS/Include -O3 -ffunction-sections -fdata-sections -Wall -fstack-usage -fcyclomatic-complexity -MMD -MP -MF"Drivers/STM32F4xx_HAL_Driver/Src/stm32f4xx_hal_i2c_ex.d" -MT"Drivers/STM32F4xx_HAL_Driver/Src/stm32f4xx_hal_i2c_ex.o" --specs=nano.specs -mfpu=fpv4-sp-d16 -mfloat-abi=hard -mthumb -o "Drivers/STM32F4xx_HAL_Driver/Src/stm32f4xx_hal_i2c_ex.o"
arm-none-eabi-gcc "../Drivers/STM32F4xx_HAL_Driver/Src/stm32f4xx_hal_pwr.c" -mcpu=cortex-m4 -std=gnu11 -g3 -DDEBUG -DUSE_HAL_DRIVER -DSTM32F401xC -c -I../Core/Inc -I"C:/Users/shubh/OneDrive/Desktop/Workspace/FINGERPRINT/AMS v1.4.4.0/AMS/24c256/inc" -I"C:/Users/shubh/OneDrive/Desktop/Workspace/FINGERPRINT/AMS v1.4.4.0/AMS/r307/inc" -I"C:/Users/shubh/OneDrive/Desktop/Workspace/FINGERPRINT/AMS v1.4.4.0/AMS/ThirdParty/SEGGER/Config" -I"C:/Users/shubh/OneDrive/Desktop/Workspace/FINGERPRINT/AMS v1.4.4.0/AMS/ThirdParty/SEGGER/OS" -I"C:/Users/shubh/OneDrive/Desktop/Workspace/FINGERPRINT/AMS v1.4.4.0/AMS/ThirdParty/SEGGER/SEGGER" -I"C:/Users/shubh/OneDrive/Desktop/Workspace/FINGERPRINT/AMS v1.4.4.0/AMS/ThirdParty/FreeRTOS" -I"C:/Users/shubh/OneDrive/Desktop/Workspace/FINGERPRINT/AMS v1.4.4.0/AMS/ThirdParty/FreeRTOS/include" -I"C:/Users/shubh/OneDrive/Desktop/Workspace/FINGERPRINT/AMS v1.4.4.0/AMS/ThirdParty/FreeRTOS/portable/GCC/ARM_CM4F" -I"C:/Users/shubh/OneDrive/Desktop/Workspace/FINGERPRINT/AMS v1.4.4.0/AMS/mrfc522/inc" -I"C:/Users/shubh/OneDrive/Desktop/Workspace/FINGERPRINT/AMS v1.4.4.0/AMS/mrfc522/src" -I"C:/Users/shubh/OneDrive/Desktop/Workspace/FINGERPRINT/AMS v1.4.4.0/AMS/ssd1963/inc" -I"C:/Users/shubh/OneDrive/Desktop/Workspace/FINGERPRINT/AMS v1.4.4.0/AMS/ssd1963/src" -I../Drivers/STM32F4xx_HAL_Driver/Inc -I../Drivers/STM32F4xx_HAL_Driver/Inc/Legacy -I../Drivers/CMSIS/Device/ST/STM32F4xx/Include -I../Drivers/CMSIS/Include -O3 -ffunction-sections -fdata-sections -Wall -fstack-usage -fcyclomatic-complexity -MMD -MP -MF"Drivers/STM32F4xx_HAL_Driver/Src/stm32f4xx_hal_pwr.d" -MT"Drivers/STM32F4xx_HAL_Driver/Src/stm32f4xx_hal_pwr.o" --specs=nano.specs -mfpu=fpv4-sp-d16 -mfloat-abi=hard -mthumb -o "Drivers/STM32F4xx_HAL_Driver/Src/stm32f4xx_hal_pwr.o"
arm-none-eabi-gcc "../Drivers/STM32F4xx_HAL_Driver/Src/stm32f4xx_hal_pwr_ex.c" -mcpu=cortex-m4 -std=gnu11 -g3 -DDEBUG -DUSE_HAL_DRIVER -DSTM32F401xC -c -I../Core/Inc -I"C:/Users/shubh/OneDrive/Desktop/Workspace/FINGERPRINT/AMS v1.4.4.0/AMS/24c256/inc" -I"C:/Users/shubh/OneDrive/Desktop/Workspace/FINGERPRINT/AMS v1.4.4.0/AMS/r307/inc" -I"C:/Users/shubh/OneDrive/Desktop/Workspace/FINGERPRINT/AMS v1.4.4.0/AMS/ThirdParty/SEGGER/Config" -I"C:/Users/shubh/OneDrive/Desktop/Workspace/FINGERPRINT/AMS v1.4.4.0/AMS/ThirdParty/SEGGER/OS" -I"C:/Users/shubh/OneDrive/Desktop/Workspace/FINGERPRINT/AMS v1.4.4.0/AMS/ThirdParty/SEGGER/SEGGER" -I"C:/Users/shubh/OneDrive/Desktop/Workspace/FINGERPRINT/AMS v1.4.4.0/AMS/ThirdParty/FreeRTOS" -I"C:/Users/shubh/OneDrive/Desktop/Workspace/FINGERPRINT/AMS v1.4.4.0/AMS/ThirdParty/FreeRTOS/include" -I"C:/Users/shubh/OneDrive/Desktop/Workspace/FINGERPRINT/AMS v1.4.4.0/AMS/ThirdParty/FreeRTOS/portable/GCC/ARM_CM4F" -I"C:/Users/shubh/OneDrive/Desktop/Workspace/FINGERPRINT/AMS v1.4.4.0/AMS/mrfc522/inc" -I"C:/Users/shubh/OneDrive/Desktop/Workspace/FINGERPRINT/AMS v1.4.4.0/AMS/mrfc522/src" -I"C:/Users/shubh/OneDrive/Desktop/Workspace/FINGERPRINT/AMS v1.4.4.0/AMS/ssd1963/inc" -I"C:/Users/shubh/OneDrive/Desktop/Workspace/FINGERPRINT/AMS v1.4.4.0/AMS/ssd1963/src" -I../Drivers/STM32F4xx_HAL_Driver/Inc -I../Drivers/STM32F4xx_HAL_Driver/Inc/Legacy -I../Drivers/CMSIS/Device/ST/STM32F4xx/Include -I../Drivers/CMSIS/Include -O3 -ffunction-sections -fdata-sections -Wall -fstack-usage -fcyclomatic-complexity -MMD -MP -MF"Drivers/STM32F4xx_HAL_Driver/Src/stm32f4xx_hal_pwr_ex.d" -MT"Drivers/STM32F4xx_HAL_Driver/Src/stm32f4xx_hal_pwr_ex.o" --specs=nano.specs -mfpu=fpv4-sp-d16 -mfloat-abi=hard -mthumb -o "Drivers/STM32F4xx_HAL_Driver/Src/stm32f4xx_hal_pwr_ex.o"
arm-none-eabi-gcc "../Drivers/STM32F4xx_HAL_Driver/Src/stm32f4xx_hal_rcc.c" -mcpu=cortex-m4 -std=gnu11 -g3 -DDEBUG -DUSE_HAL_DRIVER -DSTM32F401xC -c -I../Core/Inc -I"C:/Users/shubh/OneDrive/Desktop/Workspace/FINGERPRINT/AMS v1.4.4.0/AMS/24c256/inc" -I"C:/Users/shubh/OneDrive/Desktop/Workspace/FINGERPRINT/AMS v1.4.4.0/AMS/r307/inc" -I"C:/Users/shubh/OneDrive/Desktop/Workspace/FINGERPRINT/AMS v1.4.4.0/AMS/ThirdParty/SEGGER/Config" -I"C:/Users/shubh/OneDrive/Desktop/Workspace/FINGERPRINT/AMS v1.4.4.0/AMS/ThirdParty/SEGGER/OS" -I"C:/Users/shubh/OneDrive/Desktop/Workspace/FINGERPRINT/AMS v1.4.4.0/AMS/ThirdParty/SEGGER/SEGGER" -I"C:/Users/shubh/OneDrive/Desktop/Workspace/FINGERPRINT/AMS v1.4.4.0/AMS/ThirdParty/FreeRTOS" -I"C:/Users/shubh/OneDrive/Desktop/Workspace/FINGERPRINT/AMS v1.4.4.0/AMS/ThirdParty/FreeRTOS/include" -I"C:/Users/shubh/OneDrive/Desktop/Workspace/FINGERPRINT/AMS v1.4.4.0/AMS/ThirdParty/FreeRTOS/portable/GCC/ARM_CM4F" -I"C:/Users/shubh/OneDrive/Desktop/Workspace/FINGERPRINT/AMS v1.4.4.0/AMS/mrfc522/inc" -I"C:/Users/shubh/OneDrive/Desktop/Workspace/FINGERPRINT/AMS v1.4.4.0/AMS/mrfc522/src" -I"C:/Users/shubh/OneDrive/Desktop/Workspace/FINGERPRINT/AMS v1.4.4.0/AMS/ssd1963/inc" -I"C:/Users/shubh/OneDrive/Desktop/Workspace/FINGERPRINT/AMS v1.4.4.0/AMS/ssd1963/src" -I../Drivers/STM32F4xx_HAL_Driver/Inc -I../Drivers/STM32F4xx_HAL_Driver/Inc/Legacy -I../Drivers/CMSIS/Device/ST/STM32F4xx/Include -I../Drivers/CMSIS/Include -O3 -ffunction-sections -fdata-sections -Wall -fstack-usage -fcyclomatic-complexity -MMD -MP -MF"Drivers/STM32F4xx_HAL_Driver/Src/stm32f4xx_hal_rcc.d" -MT"Drivers/STM32F4xx_HAL_Driver/Src/stm32f4xx_hal_rcc.o" --specs=nano.specs -mfpu=fpv4-sp-d16 -mfloat-abi=hard -mthumb -o "Drivers/STM32F4xx_HAL_Driver/Src/stm32f4xx_hal_rcc.o"
arm-none-eabi-gcc "../Drivers/STM32F4xx_HAL_Driver/Src/stm32f4xx_hal_rcc_ex.c" -mcpu=cortex-m4 -std=gnu11 -g3 -DDEBUG -DUSE_HAL_DRIVER -DSTM32F401xC -c -I../Core/Inc -I"C:/Users/shubh/OneDrive/Desktop/Workspace/FINGERPRINT/AMS v1.4.4.0/AMS/24c256/inc" -I"C:/Users/shubh/OneDrive/Desktop/Workspace/FINGERPRINT/AMS v1.4.4.0/AMS/r307/inc" -I"C:/Users/shubh/OneDrive/Desktop/Workspace/FINGERPRINT/AMS v1.4.4.0/AMS/ThirdParty/SEGGER/Config" -I"C:/Users/shubh/OneDrive/Desktop/Workspace/FINGERPRINT/AMS v1.4.4.0/AMS/ThirdParty/SEGGER/OS" -I"C:/Users/shubh/OneDrive/Desktop/Workspace/FINGERPRINT/AMS v1.4.4.0/AMS/ThirdParty/SEGGER/SEGGER" -I"C:/Users/shubh/OneDrive/Desktop/Workspace/FINGERPRINT/AMS v1.4.4.0/AMS/ThirdParty/FreeRTOS" -I"C:/Users/shubh/OneDrive/Desktop/Workspace/FINGERPRINT/AMS v1.4.4.0/AMS/ThirdParty/FreeRTOS/include" -I"C:/Users/shubh/OneDrive/Desktop/Workspace/FINGERPRINT/AMS v1.4.4.0/AMS/ThirdParty/FreeRTOS/portable/GCC/ARM_CM4F" -I"C:/Users/shubh/OneDrive/Desktop/Workspace/FINGERPRINT/AMS v1.4.4.0/AMS/mrfc522/inc" -I"C:/Users/shubh/OneDrive/Desktop/Workspace/FINGERPRINT/AMS v1.4.4.0/AMS/mrfc522/src" -I"C:/Users/shubh/OneDrive/Desktop/Workspace/FINGERPRINT/AMS v1.4.4.0/AMS/ssd1963/inc" -I"C:/Users/shubh/OneDrive/Desktop/Workspace/FINGERPRINT/AMS v1.4.4.0/AMS/ssd1963/src" -I../Drivers/STM32F4xx_HAL_Driver/Inc -I../Drivers/STM32F4xx_HAL_Driver/Inc/Legacy -I../Drivers/CMSIS/Device/ST/STM32F4xx/Include -I../Drivers/CMSIS/Include -O3 -ffunction-sections -fdata-sections -Wall -fstack-usage -fcyclomatic-complexity -MMD -MP -MF"Drivers/STM32F4xx_HAL_Driver/Src/stm32f4xx_hal_rcc_ex.d" -MT"Drivers/STM32F4xx_HAL_Driver/Src/stm32f4xx_hal_rcc_ex.o" --specs=nano.specs -mfpu=fpv4-sp-d16 -mfloat-abi=hard -mthumb -o "Drivers/STM32F4xx_HAL_Driver/Src/stm32f4xx_hal_rcc_ex.o"
arm-none-eabi-gcc "../Drivers/STM32F4xx_HAL_Driver/Src/stm32f4xx_hal_spi.c" -mcpu=cortex-m4 -std=gnu11 -g3 -DDEBUG -DUSE_HAL_DRIVER -DSTM32F401xC -c -I../Core/Inc -I"C:/Users/shubh/OneDrive/Desktop/Workspace/FINGERPRINT/AMS v1.4.4.0/AMS/24c256/inc" -I"C:/Users/shubh/OneDrive/Desktop/Workspace/FINGERPRINT/AMS v1.4.4.0/AMS/r307/inc" -I"C:/Users/shubh/OneDrive/Desktop/Workspace/FINGERPRINT/AMS v1.4.4.0/AMS/ThirdParty/SEGGER/Config" -I"C:/Users/shubh/OneDrive/Desktop/Workspace/FINGERPRINT/AMS v1.4.4.0/AMS/ThirdParty/SEGGER/OS" -I"C:/Users/shubh/OneDrive/Desktop/Workspace/FINGERPRINT/AMS v1.4.4.0/AMS/ThirdParty/SEGGER/SEGGER" -I"C:/Users/shubh/OneDrive/Desktop/Workspace/FINGERPRINT/AMS v1.4.4.0/AMS/ThirdParty/FreeRTOS" -I"C:/Users/shubh/OneDrive/Desktop/Workspace/FINGERPRINT/AMS v1.4.4.0/AMS/ThirdParty/FreeRTOS/include" -I"C:/Users/shubh/OneDrive/Desktop/Workspace/FINGERPRINT/AMS v1.4.4.0/AMS/ThirdParty/FreeRTOS/portable/GCC/ARM_CM4F" -I"C:/Users/shubh/OneDrive/Desktop/Workspace/FINGERPRINT/AMS v1.4.4.0/AMS/mrfc522/inc" -I"C:/Users/shubh/OneDrive/Desktop/Workspace/FINGERPRINT/AMS v1.4.4.0/AMS/mrfc522/src" -I"C:/Users/shubh/OneDrive/Desktop/Workspace/FINGERPRINT/AMS v1.4.4.0/AMS/ssd1963/inc" -I"C:/Users/shubh/OneDrive/Desktop/Workspace/FINGERPRINT/AMS v1.4.4.0/AMS/ssd1963/src" -I../Drivers/STM32F4xx_HAL_Driver/Inc -I../Drivers/STM32F4xx_HAL_Driver/Inc/Legacy -I../Drivers/CMSIS/Device/ST/STM32F4xx/Include -I../Drivers/CMSIS/Include -O3 -ffunction-sections -fdata-sections -Wall -fstack-usage -fcyclomatic-complexity -MMD -MP -MF"Drivers/STM32F4xx_HAL_Driver/Src/stm32f4xx_hal_spi.d" -MT"Drivers/STM32F4xx_HAL_Driver/Src/stm32f4xx_hal_spi.o" --specs=nano.specs -mfpu=fpv4-sp-d16 -mfloat-abi=hard -mthumb -o "Drivers/STM32F4xx_HAL_Driver/Src/stm32f4xx_hal_spi.o"
arm-none-eabi-gcc "../Drivers/STM32F4xx_HAL_Driver/Src/stm32f4xx_hal_tim.c" -mcpu=cortex-m4 -std=gnu11 -g3 -DDEBUG -DUSE_HAL_DRIVER -DSTM32F401xC -c -I../Core/Inc -I"C:/Users/shubh/OneDrive/Desktop/Workspace/FINGERPRINT/AMS v1.4.4.0/AMS/24c256/inc" -I"C:/Users/shubh/OneDrive/Desktop/Workspace/FINGERPRINT/AMS v1.4.4.0/AMS/r307/inc" -I"C:/Users/shubh/OneDrive/Desktop/Workspace/FINGERPRINT/AMS v1.4.4.0/AMS/ThirdParty/SEGGER/Config" -I"C:/Users/shubh/OneDrive/Desktop/Workspace/FINGERPRINT/AMS v1.4.4.0/AMS/ThirdParty/SEGGER/OS" -I"C:/Users/shubh/OneDrive/Desktop/Workspace/FINGERPRINT/AMS v1.4.4.0/AMS/ThirdParty/SEGGER/SEGGER" -I"C:/Users/shubh/OneDrive/Desktop/Workspace/FINGERPRINT/AMS v1.4.4.0/AMS/ThirdParty/FreeRTOS" -I"C:/Users/shubh/OneDrive/Desktop/Workspace/FINGERPRINT/AMS v1.4.4.0/AMS/ThirdParty/FreeRTOS/include" -I"C:/Users/shubh/OneDrive/Desktop/Workspace/FINGERPRINT/AMS v1.4.4.0/AMS/ThirdParty/FreeRTOS/portable/GCC/ARM_CM4F" -I"C:/Users/shubh/OneDrive/Desktop/Workspace/FINGERPRINT/AMS v1.4.4.0/AMS/mrfc522/inc" -I"C:/Users/shubh/OneDrive/Desktop/Workspace/FINGERPRINT/AMS v1.4.4.0/AMS/mrfc522/src" -I"C:/Users/shubh/OneDrive/Desktop/Workspace/FINGERPRINT/AMS v1.4.4.0/AMS/ssd1963/inc" -I"C:/Users/shubh/OneDrive/Desktop/Workspace/FINGERPRINT/AMS v1.4.4.0/AMS/ssd1963/src" -I../Drivers/STM32F4xx_HAL_Driver/Inc -I../Drivers/STM32F4xx_HAL_Driver/Inc/Legacy -I../Drivers/CMSIS/Device/ST/STM32F4xx/Include -I../Drivers/CMSIS/Include -O3 -ffunction-sections -fdata-sections -Wall -fstack-usage -fcyclomatic-complexity -MMD -MP -MF"Drivers/STM32F4xx_HAL_Driver/Src/stm32f4xx_hal_tim.d" -MT"Drivers/STM32F4xx_HAL_Driver/Src/stm32f4xx_hal_tim.o" --specs=nano.specs -mfpu=fpv4-sp-d16 -mfloat-abi=hard -mthumb -o "Drivers/STM32F4xx_HAL_Driver/Src/stm32f4xx_hal_tim.o"
arm-none-eabi-gcc "../Drivers/STM32F4xx_HAL_Driver/Src/stm32f4xx_hal_tim_ex.c" -mcpu=cortex-m4 -std=gnu11 -g3 -DDEBUG -DUSE_HAL_DRIVER -DSTM32F401xC -c -I../Core/Inc -I"C:/Users/shubh/OneDrive/Desktop/Workspace/FINGERPRINT/AMS v1.4.4.0/AMS/24c256/inc" -I"C:/Users/shubh/OneDrive/Desktop/Workspace/FINGERPRINT/AMS v1.4.4.0/AMS/r307/inc" -I"C:/Users/shubh/OneDrive/Desktop/Workspace/FINGERPRINT/AMS v1.4.4.0/AMS/ThirdParty/SEGGER/Config" -I"C:/Users/shubh/OneDrive/Desktop/Workspace/FINGERPRINT/AMS v1.4.4.0/AMS/ThirdParty/SEGGER/OS" -I"C:/Users/shubh/OneDrive/Desktop/Workspace/FINGERPRINT/AMS v1.4.4.0/AMS/ThirdParty/SEGGER/SEGGER" -I"C:/Users/shubh/OneDrive/Desktop/Workspace/FINGERPRINT/AMS v1.4.4.0/AMS/ThirdParty/FreeRTOS" -I"C:/Users/shubh/OneDrive/Desktop/Workspace/FINGERPRINT/AMS v1.4.4.0/AMS/ThirdParty/FreeRTOS/include" -I"C:/Users/shubh/OneDrive/Desktop/Workspace/FINGERPRINT/AMS v1.4.4.0/AMS/ThirdParty/FreeRTOS/portable/GCC/ARM_CM4F" -I"C:/Users/shubh/OneDrive/Desktop/Workspace/FINGERPRINT/AMS v1.4.4.0/AMS/mrfc522/inc" -I"C:/Users/shubh/OneDrive/Desktop/Workspace/FINGERPRINT/AMS v1.4.4.0/AMS/mrfc522/src" -I"C:/Users/shubh/OneDrive/Desktop/Workspace/FINGERPRINT/AMS v1.4.4.0/AMS/ssd1963/inc" -I"C:/Users/shubh/OneDrive/Desktop/Workspace/FINGERPRINT/AMS v1.4.4.0/AMS/ssd1963/src" -I../Drivers/STM32F4xx_HAL_Driver/Inc -I../Drivers/STM32F4xx_HAL_Driver/Inc/Legacy -I../Drivers/CMSIS/Device/ST/STM32F4xx/Include -I../Drivers/CMSIS/Include -O3 -ffunction-sections -fdata-sections -Wall -fstack-usage -fcyclomatic-complexity -MMD -MP -MF"Drivers/STM32F4xx_HAL_Driver/Src/stm32f4xx_hal_tim_ex.d" -MT"Drivers/STM32F4xx_HAL_Driver/Src/stm32f4xx_hal_tim_ex.o" --specs=nano.specs -mfpu=fpv4-sp-d16 -mfloat-abi=hard -mthumb -o "Drivers/STM32F4xx_HAL_Driver/Src/stm32f4xx_hal_tim_ex.o"
arm-none-eabi-gcc "../Drivers/STM32F4xx_HAL_Driver/Src/stm32f4xx_hal_uart.c" -mcpu=cortex-m4 -std=gnu11 -g3 -DDEBUG -DUSE_HAL_DRIVER -DSTM32F401xC -c -I../Core/Inc -I"C:/Users/shubh/OneDrive/Desktop/Workspace/FINGERPRINT/AMS v1.4.4.0/AMS/24c256/inc" -I"C:/Users/shubh/OneDrive/Desktop/Workspace/FINGERPRINT/AMS v1.4.4.0/AMS/r307/inc" -I"C:/Users/shubh/OneDrive/Desktop/Workspace/FINGERPRINT/AMS v1.4.4.0/AMS/ThirdParty/SEGGER/Config" -I"C:/Users/shubh/OneDrive/Desktop/Workspace/FINGERPRINT/AMS v1.4.4.0/AMS/ThirdParty/SEGGER/OS" -I"C:/Users/shubh/OneDrive/Desktop/Workspace/FINGERPRINT/AMS v1.4.4.0/AMS/ThirdParty/SEGGER/SEGGER" -I"C:/Users/shubh/OneDrive/Desktop/Workspace/FINGERPRINT/AMS v1.4.4.0/AMS/ThirdParty/FreeRTOS" -I"C:/Users/shubh/OneDrive/Desktop/Workspace/FINGERPRINT/AMS v1.4.4.0/AMS/ThirdParty/FreeRTOS/include" -I"C:/Users/shubh/OneDrive/Desktop/Workspace/FINGERPRINT/AMS v1.4.4.0/AMS/ThirdParty/FreeRTOS/portable/GCC/ARM_CM4F" -I"C:/Users/shubh/OneDrive/Desktop/Workspace/FINGERPRINT/AMS v1.4.4.0/AMS/mrfc522/inc" -I"C:/Users/shubh/OneDrive/Desktop/Workspace/FINGERPRINT/AMS v1.4.4.0/AMS/mrfc522/src" -I"C:/Users/shubh/OneDrive/Desktop/Workspace/FINGERPRINT/AMS v1.4.4.0/AMS/ssd1963/inc" -I"C:/Users/shubh/OneDrive/Desktop/Workspace/FINGERPRINT/AMS v1.4.4.0/AMS/ssd1963/src" -I../Drivers/STM32F4xx_HAL_Driver/Inc -I../Drivers/STM32F4xx_HAL_Driver/Inc/Legacy -I../Drivers/CMSIS/Device/ST/STM32F4xx/Include -I../Drivers/CMSIS/Include -O3 -ffunction-sections -fdata-sections -Wall -fstack-usage -fcyclomatic-complexity -MMD -MP -MF"Drivers/STM32F4xx_HAL_Driver/Src/stm32f4xx_hal_uart.d" -MT"Drivers/STM32F4xx_HAL_Driver/Src/stm32f4xx_hal_uart.o" --specs=nano.specs -mfpu=fpv4-sp-d16 -mfloat-abi=hard -mthumb -o "Drivers/STM32F4xx_HAL_Driver/Src/stm32f4xx_hal_uart.o"
arm-none-eabi-gcc -mcpu=cortex-m4 -g3 -DDEBUG -c -I"C:/Users/shubh/OneDrive/Desktop/Workspace/FINGERPRINT/AMS v1.4.4.0/AMS/ThirdParty/SEGGER/Config" -x assembler-with-cpp -MMD -MP -MF"Core/Startup/startup_stm32f401ccux.d" -MT"Core/Startup/startup_stm32f401ccux.o" --specs=nano.specs -mfpu=fpv4-sp-d16 -mfloat-abi=hard -mthumb -o "Core/Startup/startup_stm32f401ccux.o" "../Core/Startup/startup_stm32f401ccux.s"
arm-none-eabi-gcc "../Core/Src/it.c" -mcpu=cortex-m4 -std=gnu11 -g3 -DDEBUG -DUSE_HAL_DRIVER -DSTM32F401xC -c -I../Core/Inc -I"C:/Users/shubh/OneDrive/Desktop/Workspace/FINGERPRINT/AMS v1.4.4.0/AMS/24c256/inc" -I"C:/Users/shubh/OneDrive/Desktop/Workspace/FINGERPRINT/AMS v1.4.4.0/AMS/r307/inc" -I"C:/Users/shubh/OneDrive/Desktop/Workspace/FINGERPRINT/AMS v1.4.4.0/AMS/ThirdParty/SEGGER/Config" -I"C:/Users/shubh/OneDrive/Desktop/Workspace/FINGERPRINT/AMS v1.4.4.0/AMS/ThirdParty/SEGGER/OS" -I"C:/Users/shubh/OneDrive/Desktop/Workspace/FINGERPRINT/AMS v1.4.4.0/AMS/ThirdParty/SEGGER/SEGGER" -I"C:/Users/shubh/OneDrive/Desktop/Workspace/FINGERPRINT/AMS v1.4.4.0/AMS/ThirdParty/FreeRTOS" -I"C:/Users/shubh/OneDrive/Desktop/Workspace/FINGERPRINT/AMS v1.4.4.0/AMS/ThirdParty/FreeRTOS/include" -I"C:/Users/shubh/OneDrive/Desktop/Workspace/FINGERPRINT/AMS v1.4.4.0/AMS/ThirdParty/FreeRTOS/portable/GCC/ARM_CM4F" -I"C:/Users/shubh/OneDrive/Desktop/Workspace/FINGERPRINT/AMS v1.4.4.0/AMS/mrfc522/inc" -I"C:/Users/shubh/OneDrive/Desktop/Workspace/FINGERPRINT/AMS v1.4.4.0/AMS/mrfc522/src" -I"C:/Users/shubh/OneDrive/Desktop/Workspace/FINGERPRINT/AMS v1.4.4.0/AMS/ssd1963/inc" -I"C:/Users/shubh/OneDrive/Desktop/Workspace/FINGERPRINT/AMS v1.4.4.0/AMS/ssd1963/src" -I../Drivers/STM32F4xx_HAL_Driver/Inc -I../Drivers/STM32F4xx_HAL_Driver/Inc/Legacy -I../Drivers/CMSIS/Device/ST/STM32F4xx/Include -I../Drivers/CMSIS/Include -O3 -ffunction-sections -fdata-sections -Wall -fstack-usage -fcyclomatic-complexity -MMD -MP -MF"Core/Src/it.d" -MT"Core/Src/it.o" --specs=nano.specs -mfpu=fpv4-sp-d16 -mfloat-abi=hard -mthumb -o "Core/Src/it.o"
arm-none-eabi-gcc "../Core/Src/main.c" -mcpu=cortex-m4 -std=gnu11 -g3 -DDEBUG -DUSE_HAL_DRIVER -DSTM32F401xC -c -I../Core/Inc -I"C:/Users/shubh/OneDrive/Desktop/Workspace/FINGERPRINT/AMS v1.4.4.0/AMS/24c256/inc" -I"C:/Users/shubh/OneDrive/Desktop/Workspace/FINGERPRINT/AMS v1.4.4.0/AMS/r307/inc" -I"C:/Users/shubh/OneDrive/Desktop/Workspace/FINGERPRINT/AMS v1.4.4.0/AMS/ThirdParty/SEGGER/Config" -I"C:/Users/shubh/OneDrive/Desktop/Workspace/FINGERPRINT/AMS v1.4.4.0/AMS/ThirdParty/SEGGER/OS" -I"C:/Users/shubh/OneDrive/Desktop/Workspace/FINGERPRINT/AMS v1.4.4.0/AMS/ThirdParty/SEGGER/SEGGER" -I"C:/Users/shubh/OneDrive/Desktop/Workspace/FINGERPRINT/AMS v1.4.4.0/AMS/ThirdParty/FreeRTOS" -I"C:/Users/shubh/OneDrive/Desktop/Workspace/FINGERPRINT/AMS v1.4.4.0/AMS/ThirdParty/FreeRTOS/include" -I"C:/Users/shubh/OneDrive/Desktop/Workspace/FINGERPRINT/AMS v1.4.4.0/AMS/ThirdParty/FreeRTOS/portable/GCC/ARM_CM4F" -I"C:/Users/shubh/OneDrive/Desktop/Workspace/FINGERPRINT/AMS v1.4.4.0/AMS/mrfc522/inc" -I"C:/Users/shubh/OneDrive/Desktop/Workspace/FINGERPRINT/AMS v1.4.4.0/AMS/mrfc522/src" -I"C:/Users/shubh/OneDrive/Desktop/Workspace/FINGERPRINT/AMS v1.4.4.0/AMS/ssd1963/inc" -I"C:/Users/shubh/OneDrive/Desktop/Workspace/FINGERPRINT/AMS v1.4.4.0/AMS/ssd1963/src" -I../Drivers/STM32F4xx_HAL_Driver/Inc -I../Drivers/STM32F4xx_HAL_Driver/Inc/Legacy -I../Drivers/CMSIS/Device/ST/STM32F4xx/Include -I../Drivers/CMSIS/Include -O3 -ffunction-sections -fdata-sections -Wall -fstack-usage -fcyclomatic-complexity -MMD -MP -MF"Core/Src/main.d" -MT"Core/Src/main.o" --specs=nano.specs -mfpu=fpv4-sp-d16 -mfloat-abi=hard -mthumb -o "Core/Src/main.o"
arm-none-eabi-gcc "../Core/Src/msp.c" -mcpu=cortex-m4 -std=gnu11 -g3 -DDEBUG -DUSE_HAL_DRIVER -DSTM32F401xC -c -I../Core/Inc -I"C:/Users/shubh/OneDrive/Desktop/Workspace/FINGERPRINT/AMS v1.4.4.0/AMS/24c256/inc" -I"C:/Users/shubh/OneDrive/Desktop/Workspace/FINGERPRINT/AMS v1.4.4.0/AMS/r307/inc" -I"C:/Users/shubh/OneDrive/Desktop/Workspace/FINGERPRINT/AMS v1.4.4.0/AMS/ThirdParty/SEGGER/Config" -I"C:/Users/shubh/OneDrive/Desktop/Workspace/FINGERPRINT/AMS v1.4.4.0/AMS/ThirdParty/SEGGER/OS" -I"C:/Users/shubh/OneDrive/Desktop/Workspace/FINGERPRINT/AMS v1.4.4.0/AMS/ThirdParty/SEGGER/SEGGER" -I"C:/Users/shubh/OneDrive/Desktop/Workspace/FINGERPRINT/AMS v1.4.4.0/AMS/ThirdParty/FreeRTOS" -I"C:/Users/shubh/OneDrive/Desktop/Workspace/FINGERPRINT/AMS v1.4.4.0/AMS/ThirdParty/FreeRTOS/include" -I"C:/Users/shubh/OneDrive/Desktop/Workspace/FINGERPRINT/AMS v1.4.4.0/AMS/ThirdParty/FreeRTOS/portable/GCC/ARM_CM4F" -I"C:/Users/shubh/OneDrive/Desktop/Workspace/FINGERPRINT/AMS v1.4.4.0/AMS/mrfc522/inc" -I"C:/Users/shubh/OneDrive/Desktop/Workspace/FINGERPRINT/AMS v1.4.4.0/AMS/mrfc522/src" -I"C:/Users/shubh/OneDrive/Desktop/Workspace/FINGERPRINT/AMS v1.4.4.0/AMS/ssd1963/inc" -I"C:/Users/shubh/OneDrive/Desktop/Workspace/FINGERPRINT/AMS v1.4.4.0/AMS/ssd1963/src" -I../Drivers/STM32F4xx_HAL_Driver/Inc -I../Drivers/STM32F4xx_HAL_Driver/Inc/Legacy -I../Drivers/CMSIS/Device/ST/STM32F4xx/Include -I../Drivers/CMSIS/Include -O3 -ffunction-sections -fdata-sections -Wall -fstack-usage -fcyclomatic-complexity -MMD -MP -MF"Core/Src/msp.d" -MT"Core/Src/msp.o" --specs=nano.specs -mfpu=fpv4-sp-d16 -mfloat-abi=hard -mthumb -o "Core/Src/msp.o"
arm-none-eabi-gcc "../Core/Src/stm32f4xx_hal_timebase_tim.c" -mcpu=cortex-m4 -std=gnu11 -g3 -DDEBUG -DUSE_HAL_DRIVER -DSTM32F401xC -c -I../Core/Inc -I"C:/Users/shubh/OneDrive/Desktop/Workspace/FINGERPRINT/AMS v1.4.4.0/AMS/24c256/inc" -I"C:/Users/shubh/OneDrive/Desktop/Workspace/FINGERPRINT/AMS v1.4.4.0/AMS/r307/inc" -I"C:/Users/shubh/OneDrive/Desktop/Workspace/FINGERPRINT/AMS v1.4.4.0/AMS/ThirdParty/SEGGER/Config" -I"C:/Users/shubh/OneDrive/Desktop/Workspace/FINGERPRINT/AMS v1.4.4.0/AMS/ThirdParty/SEGGER/OS" -I"C:/Users/shubh/OneDrive/Desktop/Workspace/FINGERPRINT/AMS v1.4.4.0/AMS/ThirdParty/SEGGER/SEGGER" -I"C:/Users/shubh/OneDrive/Desktop/Workspace/FINGERPRINT/AMS v1.4.4.0/AMS/ThirdParty/FreeRTOS" -I"C:/Users/shubh/OneDrive/Desktop/Workspace/FINGERPRINT/AMS v1.4.4.0/AMS/ThirdParty/FreeRTOS/include" -I"C:/Users/shubh/OneDrive/Desktop/Workspace/FINGERPRINT/AMS v1.4.4.0/AMS/ThirdParty/FreeRTOS/portable/GCC/ARM_CM4F" -I"C:/Users/shubh/OneDrive/Desktop/Workspace/FINGERPRINT/AMS v1.4.4.0/AMS/mrfc522/inc" -I"C:/Users/shubh/OneDrive/Desktop/Workspace/FINGERPRINT/AMS v1.4.4.0/AMS/mrfc522/src" -I"C:/Users/shubh/OneDrive/Desktop/Workspace/FINGERPRINT/AMS v1.4.4.0/AMS/ssd1963/inc" -I"C:/Users/shubh/OneDrive/Desktop/Workspace/FINGERPRINT/AMS v1.4.4.0/AMS/ssd1963/src" -I../Drivers/STM32F4xx_HAL_Driver/Inc -I../Drivers/STM32F4xx_HAL_Driver/Inc/Legacy -I../Drivers/CMSIS/Device/ST/STM32F4xx/Include -I../Drivers/CMSIS/Include -O3 -ffunction-sections -fdata-sections -Wall -fstack-usage -fcyclomatic-complexity -MMD -MP -MF"Core/Src/stm32f4xx_hal_timebase_tim.d" -MT"Core/Src/stm32f4xx_hal_timebase_tim.o" --specs=nano.specs -mfpu=fpv4-sp-d16 -mfloat-abi=hard -mthumb -o "Core/Src/stm32f4xx_hal_timebase_tim.o"
arm-none-eabi-gcc "../Core/Src/syscalls.c" -mcpu=cortex-m4 -std=gnu11 -g3 -DDEBUG -DUSE_HAL_DRIVER -DSTM32F401xC -c -I../Core/Inc -I"C:/Users/shubh/OneDrive/Desktop/Workspace/FINGERPRINT/AMS v1.4.4.0/AMS/24c256/inc" -I"C:/Users/shubh/OneDrive/Desktop/Workspace/FINGERPRINT/AMS v1.4.4.0/AMS/r307/inc" -I"C:/Users/shubh/OneDrive/Desktop/Workspace/FINGERPRINT/AMS v1.4.4.0/AMS/ThirdParty/SEGGER/Config" -I"C:/Users/shubh/OneDrive/Desktop/Workspace/FINGERPRINT/AMS v1.4.4.0/AMS/ThirdParty/SEGGER/OS" -I"C:/Users/shubh/OneDrive/Desktop/Workspace/FINGERPRINT/AMS v1.4.4.0/AMS/ThirdParty/SEGGER/SEGGER" -I"C:/Users/shubh/OneDrive/Desktop/Workspace/FINGERPRINT/AMS v1.4.4.0/AMS/ThirdParty/FreeRTOS" -I"C:/Users/shubh/OneDrive/Desktop/Workspace/FINGERPRINT/AMS v1.4.4.0/AMS/ThirdParty/FreeRTOS/include" -I"C:/Users/shubh/OneDrive/Desktop/Workspace/FINGERPRINT/AMS v1.4.4.0/AMS/ThirdParty/FreeRTOS/portable/GCC/ARM_CM4F" -I"C:/Users/shubh/OneDrive/Desktop/Workspace/FINGERPRINT/AMS v1.4.4.0/AMS/mrfc522/inc" -I"C:/Users/shubh/OneDrive/Desktop/Workspace/FINGERPRINT/AMS v1.4.4.0/AMS/mrfc522/src" -I"C:/Users/shubh/OneDrive/Desktop/Workspace/FINGERPRINT/AMS v1.4.4.0/AMS/ssd1963/inc" -I"C:/Users/shubh/OneDrive/Desktop/Workspace/FINGERPRINT/AMS v1.4.4.0/AMS/ssd1963/src" -I../Drivers/STM32F4xx_HAL_Driver/Inc -I../Drivers/STM32F4xx_HAL_Driver/Inc/Legacy -I../Drivers/CMSIS/Device/ST/STM32F4xx/Include -I../Drivers/CMSIS/Include -O3 -ffunction-sections -fdata-sections -Wall -fstack-usage -fcyclomatic-complexity -MMD -MP -MF"Core/Src/syscalls.d" -MT"Core/Src/syscalls.o" --specs=nano.specs -mfpu=fpv4-sp-d16 -mfloat-abi=hard -mthumb -o "Core/Src/syscalls.o"
arm-none-eabi-gcc "../Core/Src/system_stm32f4xx.c" -mcpu=cortex-m4 -std=gnu11 -g3 -DDEBUG -DUSE_HAL_DRIVER -DSTM32F401xC -c -I../Core/Inc -I"C:/Users/shubh/OneDrive/Desktop/Workspace/FINGERPRINT/AMS v1.4.4.0/AMS/24c256/inc" -I"C:/Users/shubh/OneDrive/Desktop/Workspace/FINGERPRINT/AMS v1.4.4.0/AMS/r307/inc" -I"C:/Users/shubh/OneDrive/Desktop/Workspace/FINGERPRINT/AMS v1.4.4.0/AMS/ThirdParty/SEGGER/Config" -I"C:/Users/shubh/OneDrive/Desktop/Workspace/FINGERPRINT/AMS v1.4.4.0/AMS/ThirdParty/SEGGER/OS" -I"C:/Users/shubh/OneDrive/Desktop/Workspace/FINGERPRINT/AMS v1.4.4.0/AMS/ThirdParty/SEGGER/SEGGER" -I"C:/Users/shubh/OneDrive/Desktop/Workspace/FINGERPRINT/AMS v1.4.4.0/AMS/ThirdParty/FreeRTOS" -I"C:/Users/shubh/OneDrive/Desktop/Workspace/FINGERPRINT/AMS v1.4.4.0/AMS/ThirdParty/FreeRTOS/include" -I"C:/Users/shubh/OneDrive/Desktop/Workspace/FINGERPRINT/AMS v1.4.4.0/AMS/ThirdParty/FreeRTOS/portable/GCC/ARM_CM4F" -I"C:/Users/shubh/OneDrive/Desktop/Workspace/FINGERPRINT/AMS v1.4.4.0/AMS/mrfc522/inc" -I"C:/Users/shubh/OneDrive/Desktop/Workspace/FINGERPRINT/AMS v1.4.4.0/AMS/mrfc522/src" -I"C:/Users/shubh/OneDrive/Desktop/Workspace/FINGERPRINT/AMS v1.4.4.0/AMS/ssd1963/inc" -I"C:/Users/shubh/OneDrive/Desktop/Workspace/FINGERPRINT/AMS v1.4.4.0/AMS/ssd1963/src" -I../Drivers/STM32F4xx_HAL_Driver/Inc -I../Drivers/STM32F4xx_HAL_Driver/Inc/Legacy -I../Drivers/CMSIS/Device/ST/STM32F4xx/Include -I../Drivers/CMSIS/Include -O3 -ffunction-sections -fdata-sections -Wall -fstack-usage -fcyclomatic-complexity -MMD -MP -MF"Core/Src/system_stm32f4xx.d" -MT"Core/Src/system_stm32f4xx.o" --specs=nano.specs -mfpu=fpv4-sp-d16 -mfloat-abi=hard -mthumb -o "Core/Src/system_stm32f4xx.o"
arm-none-eabi-gcc "../Core/Src/user_global.c" -mcpu=cortex-m4 -std=gnu11 -g3 -DDEBUG -DUSE_HAL_DRIVER -DSTM32F401xC -c -I../Core/Inc -I"C:/Users/shubh/OneDrive/Desktop/Workspace/FINGERPRINT/AMS v1.4.4.0/AMS/24c256/inc" -I"C:/Users/shubh/OneDrive/Desktop/Workspace/FINGERPRINT/AMS v1.4.4.0/AMS/r307/inc" -I"C:/Users/shubh/OneDrive/Desktop/Workspace/FINGERPRINT/AMS v1.4.4.0/AMS/ThirdParty/SEGGER/Config" -I"C:/Users/shubh/OneDrive/Desktop/Workspace/FINGERPRINT/AMS v1.4.4.0/AMS/ThirdParty/SEGGER/OS" -I"C:/Users/shubh/OneDrive/Desktop/Workspace/FINGERPRINT/AMS v1.4.4.0/AMS/ThirdParty/SEGGER/SEGGER" -I"C:/Users/shubh/OneDrive/Desktop/Workspace/FINGERPRINT/AMS v1.4.4.0/AMS/ThirdParty/FreeRTOS" -I"C:/Users/shubh/OneDrive/Desktop/Workspace/FINGERPRINT/AMS v1.4.4.0/AMS/ThirdParty/FreeRTOS/include" -I"C:/Users/shubh/OneDrive/Desktop/Workspace/FINGERPRINT/AMS v1.4.4.0/AMS/ThirdParty/FreeRTOS/portable/GCC/ARM_CM4F" -I"C:/Users/shubh/OneDrive/Desktop/Workspace/FINGERPRINT/AMS v1.4.4.0/AMS/mrfc522/inc" -I"C:/Users/shubh/OneDrive/Desktop/Workspace/FINGERPRINT/AMS v1.4.4.0/AMS/mrfc522/src" -I"C:/Users/shubh/OneDrive/Desktop/Workspace/FINGERPRINT/AMS v1.4.4.0/AMS/ssd1963/inc" -I"C:/Users/shubh/OneDrive/Desktop/Workspace/FINGERPRINT/AMS v1.4.4.0/AMS/ssd1963/src" -I../Drivers/STM32F4xx_HAL_Driver/Inc -I../Drivers/STM32F4xx_HAL_Driver/Inc/Legacy -I../Drivers/CMSIS/Device/ST/STM32F4xx/Include -I../Drivers/CMSIS/Include -O3 -ffunction-sections -fdata-sections -Wall -fstack-usage -fcyclomatic-complexity -MMD -MP -MF"Core/Src/user_global.d" -MT"Core/Src/user_global.o" --specs=nano.specs -mfpu=fpv4-sp-d16 -mfloat-abi=hard -mthumb -o "Core/Src/user_global.o"
arm-none-eabi-gcc -o "AMS.elf" @"objects.list"   -mcpu=cortex-m4 -T"C:\Users\shubh\OneDrive\Desktop\Workspace\FINGERPRINT\AMS v1.4.4.0\AMS\STM32F401CCUX_FLASH.ld" --specs=nosys.specs -Wl,-Map="AMS.map" -Wl,--gc-sections -static --specs=nano.specs -mfpu=fpv4-sp-d16 -mfloat-abi=hard -mthumb -Wl,--start-group -lc -lm -Wl,--end-group
Finished building target: AMS.elf
 
arm-none-eabi-size   AMS.elf 
arm-none-eabi-objdump -h -S  AMS.elf  > "AMS.list"
   text	   data	    bss	    dec	    hex	filename
  82544	    136	   3616	  86296	  15118	AMS.elf
Finished building: default.size.stdout
 
Finished building: AMS.list
 
